Component: ARM Compiler 5.06 update 7 (build 960) Tool: armlink [4d3601]

==============================================================================

Section Cross References

    startup_stm32f429xx.o(STACK) refers (Special) to heapauxi.o(.text) for __use_two_region_memory
    startup_stm32f429xx.o(HEAP) refers (Special) to heapauxi.o(.text) for __use_two_region_memory
    startup_stm32f429xx.o(RESET) refers (Special) to heapauxi.o(.text) for __use_two_region_memory
    startup_stm32f429xx.o(RESET) refers to startup_stm32f429xx.o(STACK) for __initial_sp
    startup_stm32f429xx.o(RESET) refers to startup_stm32f429xx.o(.text) for Reset_Handler
    startup_stm32f429xx.o(RESET) refers to stm32f4xx_it.o(i.NMI_Handler) for NMI_Handler
    startup_stm32f429xx.o(RESET) refers to stm32f4xx_it.o(i.HardFault_Handler) for HardFault_Handler
    startup_stm32f429xx.o(RESET) refers to stm32f4xx_it.o(i.MemManage_Handler) for MemManage_Handler
    startup_stm32f429xx.o(RESET) refers to stm32f4xx_it.o(i.BusFault_Handler) for BusFault_Handler
    startup_stm32f429xx.o(RESET) refers to stm32f4xx_it.o(i.UsageFault_Handler) for UsageFault_Handler
    startup_stm32f429xx.o(RESET) refers to port.o(.emb_text) for SVC_Handler
    startup_stm32f429xx.o(RESET) refers to stm32f4xx_it.o(i.DebugMon_Handler) for DebugMon_Handler
    startup_stm32f429xx.o(RESET) refers to port.o(i.SysTick_Handler) for SysTick_Handler
    startup_stm32f429xx.o(RESET) refers to stm32f4xx_it.o(i.EXTI0_IRQHandler) for EXTI0_IRQHandler
    startup_stm32f429xx.o(RESET) refers to stm32f4xx_it.o(i.TIM6_DAC_IRQHandler) for TIM6_DAC_IRQHandler
    startup_stm32f429xx.o(RESET) refers to stm32f4xx_it.o(i.LTDC_IRQHandler) for LTDC_IRQHandler
    startup_stm32f429xx.o(RESET) refers to stm32f4xx_it.o(i.DMA2D_IRQHandler) for DMA2D_IRQHandler
    startup_stm32f429xx.o(.text) refers (Special) to heapauxi.o(.text) for __use_two_region_memory
    startup_stm32f429xx.o(.text) refers to system_stm32f4xx.o(i.SystemInit) for SystemInit
    startup_stm32f429xx.o(.text) refers to __main.o(!!!main) for __main
    startup_stm32f429xx.o(.text) refers to startup_stm32f429xx.o(HEAP) for Heap_Mem
    startup_stm32f429xx.o(.text) refers to startup_stm32f429xx.o(STACK) for Stack_Mem
    main.o(i.HAL_TIM_PeriodElapsedCallback) refers to stm32f4xx_hal.o(i.HAL_IncTick) for HAL_IncTick
    main.o(i.SystemClock_Config) refers to rt_memclr_w.o(.text) for __aeabi_memclr4
    main.o(i.SystemClock_Config) refers to stm32f4xx_hal_rcc.o(i.HAL_RCC_OscConfig) for HAL_RCC_OscConfig
    main.o(i.SystemClock_Config) refers to stm32f4xx_hal_rcc.o(i.HAL_RCC_ClockConfig) for HAL_RCC_ClockConfig
    main.o(i.main) refers to stm32f4xx_hal.o(i.HAL_Init) for HAL_Init
    main.o(i.main) refers to main.o(i.SystemClock_Config) for SystemClock_Config
    main.o(i.main) refers to gpio.o(i.MX_GPIO_Init) for MX_GPIO_Init
    main.o(i.main) refers to crc.o(i.MX_CRC_Init) for MX_CRC_Init
    main.o(i.main) refers to dma2d.o(i.MX_DMA2D_Init) for MX_DMA2D_Init
    main.o(i.main) refers to fmc.o(i.MX_FMC_Init) for MX_FMC_Init
    main.o(i.main) refers to i2c.o(i.MX_I2C3_Init) for MX_I2C3_Init
    main.o(i.main) refers to ltdc.o(i.MX_LTDC_Init) for MX_LTDC_Init
    main.o(i.main) refers to rtc.o(i.MX_RTC_Init) for MX_RTC_Init
    main.o(i.main) refers to spi.o(i.MX_SPI5_Init) for MX_SPI5_Init
    main.o(i.main) refers to tim.o(i.MX_TIM1_Init) for MX_TIM1_Init
    main.o(i.main) refers to usart.o(i.MX_USART1_UART_Init) for MX_USART1_UART_Init
    main.o(i.main) refers to stm32f429i_discovery_sdram.o(i.BSP_SDRAM_Init) for BSP_SDRAM_Init
    main.o(i.main) refers to stm32f429i_discovery_lcd.o(i.BSP_LCD_Init) for BSP_LCD_Init
    main.o(i.main) refers to stm32f429i_discovery_lcd.o(i.BSP_LCD_LayerDefaultInit) for BSP_LCD_LayerDefaultInit
    main.o(i.main) refers to stm32f429i_discovery_lcd.o(i.BSP_LCD_SelectLayer) for BSP_LCD_SelectLayer
    main.o(i.main) refers to stm32f429i_discovery_lcd.o(i.BSP_LCD_DisplayOn) for BSP_LCD_DisplayOn
    main.o(i.main) refers to stm32f429i_discovery_lcd.o(i.BSP_LCD_Clear) for BSP_LCD_Clear
    main.o(i.main) refers to stm32f429i_discovery_ts.o(i.BSP_TS_Init) for BSP_TS_Init
    main.o(i.main) refers to noretval__2printf.o(.text) for __2printf
    main.o(i.main) refers to stm32f4xx_hal_rtc.o(i.HAL_RTC_SetTime) for HAL_RTC_SetTime
    main.o(i.main) refers to screen_fun.o(i.Map_draw) for Map_draw
    main.o(i.main) refers to gyro_fun.o(i.Gyro_init) for Gyro_init
    main.o(i.main) refers to freertos.o(i.MX_FREERTOS_Init) for MX_FREERTOS_Init
    main.o(i.main) refers to cmsis_os.o(i.osKernelStart) for osKernelStart
    main.o(i.main) refers to lcd_tft.o(.data) for Linea
    main.o(i.main) refers to main.o(.data) for .data
    main.o(i.main) refers to main.o(.bss) for .bss
    main.o(i.main) refers to rtc.o(.bss) for hrtc
    gpio.o(i.MX_GPIO_Init) refers to rt_memclr_w.o(.text) for __aeabi_memclr4
[...]
    EXTI15_10_IRQHandler                     0x0800036f   Thumb Code     0  startup_stm32f429xx.o(.text)
    EXTI1_IRQHandler                         0x0800036f   Thumb Code     0  startup_stm32f429xx.o(.text)
    EXTI2_IRQHandler                         0x0800036f   Thumb Code     0  startup_stm32f429xx.o(.text)
    EXTI3_IRQHandler                         0x0800036f   Thumb Code     0  startup_stm32f429xx.o(.text)
    EXTI4_IRQHandler                         0x0800036f   Thumb Code     0  startup_stm32f429xx.o(.text)
    EXTI9_5_IRQHandler                       0x0800036f   Thumb Code     0  startup_stm32f429xx.o(.text)
    FLASH_IRQHandler                         0x0800036f   Thumb Code     0  startup_stm32f429xx.o(.text)
    FMC_IRQHandler                           0x0800036f   Thumb Code     0  startup_stm32f429xx.o(.text)
    FPU_IRQHandler                           0x0800036f   Thumb Code     0  startup_stm32f429xx.o(.text)
    HASH_RNG_IRQHandler                      0x0800036f   Thumb Code     0  startup_stm32f429xx.o(.text)
    I2C1_ER_IRQHandler                       0x0800036f   Thumb Code     0  startup_stm32f429xx.o(.text)
    I2C1_EV_IRQHandler                       0x0800036f   Thumb Code     0  startup_stm32f429xx.o(.text)
    I2C2_ER_IRQHandler                       0x0800036f   Thumb Code     0  startup_stm32f429xx.o(.text)
    I2C2_EV_IRQHandler                       0x0800036f   Thumb Code     0  startup_stm32f429xx.o(.text)
    I2C3_ER_IRQHandler                       0x0800036f   Thumb Code     0  startup_stm32f429xx.o(.text)
    I2C3_EV_IRQHandler                       0x0800036f   Thumb Code     0  startup_stm32f429xx.o(.text)
    LTDC_ER_IRQHandler                       0x0800036f   Thumb Code     0  startup_stm32f429xx.o(.text)
    OTG_FS_IRQHandler                        0x0800036f   Thumb Code     0  startup_stm32f429xx.o(.text)
    OTG_FS_WKUP_IRQHandler                   0x0800036f   Thumb Code     0  startup_stm32f429xx.o(.text)
    OTG_HS_EP1_IN_IRQHandler                 0x0800036f   Thumb Code     0  startup_stm32f429xx.o(.text)
    OTG_HS_EP1_OUT_IRQHandler                0x0800036f   Thumb Code     0  startup_stm32f429xx.o(.text)
    OTG_HS_IRQHandler                        0x0800036f   Thumb Code     0  startup_stm32f429xx.o(.text)
    OTG_HS_WKUP_IRQHandler                   0x0800036f   Thumb Code     0  startup_stm32f429xx.o(.text)
    PVD_IRQHandler                           0x0800036f   Thumb Code     0  startup_stm32f429xx.o(.text)
    RCC_IRQHandler                           0x0800036f   Thumb Code     0  startup_stm32f429xx.o(.text)
    RTC_Alarm_IRQHandler                     0x0800036f   Thumb Code     0  startup_stm32f429xx.o(.text)
    RTC_WKUP_IRQHandler                      0x0800036f   Thumb Code     0  startup_stm32f429xx.o(.text)
    SAI1_IRQHandler                          0x0800036f   Thumb Code     0  startup_stm32f429xx.o(.text)
    SDIO_IRQHandler                          0x0800036f   Thumb Code     0  startup_stm32f429xx.o(.text)
    SPI1_IRQHandler                          0x0800036f   Thumb Code     0  startup_stm32f429xx.o(.text)
    SPI2_IRQHandler                          0x0800036f   Thumb Code     0  startup_stm32f429xx.o(.text)
    SPI3_IRQHandler                          0x0800036f   Thumb Code     0  startup_stm32f429xx.o(.text)
    SPI4_IRQHandler                          0x0800036f   Thumb Code     0  startup_stm32f429xx.o(.text)
    SPI5_IRQHandler                          0x0800036f   Thumb Code     0  startup_stm32f429xx.o(.text)
    SPI6_IRQHandler                          0x0800036f   Thumb Code     0  startup_stm32f429xx.o(.text)
    TAMP_STAMP_IRQHandler                    0x0800036f   Thumb Code     0  startup_stm32f429xx.o(.text)
    TIM1_BRK_TIM9_IRQHandler                 0x0800036f   Thumb Code     0  startup_stm32f429xx.o(.text)
    TIM1_CC_IRQHandler                       0x0800036f   Thumb Code     0  startup_stm32f429xx.o(.text)
    TIM1_TRG_COM_TIM11_IRQHandler            0x0800036f   Thumb Code     0  startup_stm32f429xx.o(.text)
    TIM1_UP_TIM10_IRQHandler                 0x0800036f   Thumb Code     0  startup_stm32f429xx.o(.text)
    TIM2_IRQHandler                          0x0800036f   Thumb Code     0  startup_stm32f429xx.o(.text)
    TIM3_IRQHandler                          0x0800036f   Thumb Code     0  startup_stm32f429xx.o(.text)
    TIM4_IRQHandler                          0x0800036f   Thumb Code     0  startup_stm32f429xx.o(.text)
    TIM5_IRQHandler                          0x0800036f   Thumb Code     0  startup_stm32f429xx.o(.text)
    TIM7_IRQHandler                          0x0800036f   Thumb Code     0  startup_stm32f429xx.o(.text)
    TIM8_BRK_TIM12_IRQHandler                0x0800036f   Thumb Code     0  startup_stm32f429xx.o(.text)
    TIM8_CC_IRQHandler                       0x0800036f   Thumb Code     0  startup_stm32f429xx.o(.text)
    TIM8_TRG_COM_TIM14_IRQHandler            0x0800036f   Thumb Code     0  startup_stm32f429xx.o(.text)
    TIM8_UP_TIM13_IRQHandler                 0x0800036f   Thumb Code     0  startup_stm32f429xx.o(.text)
    UART4_IRQHandler                         0x0800036f   Thumb Code     0  startup_stm32f429xx.o(.text)
    UART5_IRQHandler                         0x0800036f   Thumb Code     0  startup_stm32f429xx.o(.text)
    UART7_IRQHandler                         0x0800036f   Thumb Code     0  startup_stm32f429xx.o(.text)
    UART8_IRQHandler                         0x0800036f   Thumb Code     0  startup_stm32f429xx.o(.text)
    USART1_IRQHandler                        0x0800036f   Thumb Code     0  startup_stm32f429xx.o(.text)
    USART2_IRQHandler                        0x0800036f   Thumb Code     0  startup_stm32f429xx.o(.text)
    USART3_IRQHandler                        0x0800036f   Thumb Code     0  startup_stm32f429xx.o(.text)
    USART6_IRQHandler                        0x0800036f   Thumb Code     0  startup_stm32f429xx.o(.text)
    WWDG_IRQHandler                          0x0800036f   Thumb Code     0  startup_stm32f429xx.o(.text)
    __user_initial_stackheap                 0x08000371   Thumb Code     0  startup_stm32f429xx.o(.text)
    __I$use$semihosting                      0x08000395   Thumb Code     0  use_no_semi.o(.text)
    __use_no_semihosting_swi                 0x08000395   Thumb Code     2  use_no_semi.o(.text)
    __aeabi_uldivmod                         0x08000397   Thumb Code     0  lludivv7m.o(.text)
    _ll_udiv                                 0x08000397   Thumb Code   238  lludivv7m.o(.text)
    __2printf                                0x08000485   Thumb Code    20  noretval__2printf.o(.text)
    __printf                                 0x0800049d   Thumb Code   104  __printf.o(.text)
    _printf_int_dec                          0x08000505   Thumb Code   104  _printf_dec.o(.text)
    __aeabi_memcpy                           0x0800057d   Thumb Code     0  rt_memcpy_v6.o(.text)
    __rt_memcpy                              0x0800057d   Thumb Code   138  rt_memcpy_v6.o(.text)
    _memcpy_lastbytes                        0x080005e3   Thumb Code     0  rt_memcpy_v6.o(.text)
    __aeabi_memcpy4                          0x08000607   Thumb Code     0  rt_memcpy_w.o(.text)
    __aeabi_memcpy8                          0x08000607   Thumb Code     0  rt_memcpy_w.o(.text)
    __rt_memcpy_w                            0x08000607   Thumb Code   100  rt_memcpy_w.o(.text)
    _memcpy_lastbytes_aligned                0x0800064f   Thumb Code     0  rt_memcpy_w.o(.text)
    __aeabi_memset                           0x0800066b   Thumb Code    16  aeabi_memset.o(.text)
    __aeabi_memclr4                          0x0800067b   Thumb Code     0  rt_memclr_w.o(.text)
    __aeabi_memclr8                          0x0800067b   Thumb Code     0  rt_memclr_w.o(.text)
    __rt_memclr_w                            0x0800067b   Thumb Code    78  rt_memclr_w.o(.text)
    _memset_w                                0x0800067f   Thumb Code     0  rt_memclr_w.o(.text)
    __use_two_region_memory                  0x080006c9   Thumb Code     2  heapauxi.o(.text)
    __rt_heap_escrow$2region                 0x080006cb   Thumb Code     2  heapauxi.o(.text)
    __rt_heap_expand$2region                 0x080006cd   Thumb Code     2  heapauxi.o(.text)
    _printf_int_common                       0x080006cf   Thumb Code   178  _printf_intcommon.o(.text)
    _printf_char_file                        0x08000781   Thumb Code    32  _printf_char_file.o(.text)
    __aeabi_memclr                           0x080007a5   Thumb Code     0  rt_memclr.o(.text)
    __rt_memclr                              0x080007a5   Thumb Code    68  rt_memclr.o(.text)
    _memset                                  0x080007a9   Thumb Code     0  rt_memclr.o(.text)
    _printf_char_common                      0x080007f3   Thumb Code    32  _printf_char_common.o(.text)
    ferror                                   0x08000819   Thumb Code     8  ferror.o(.text)
    __user_setup_stackheap                   0x08000821   Thumb Code    74  sys_stackheap_outer.o(.text)
    exit                                     0x0800086b   Thumb Code    18  exit.o(.text)
    __user_libspace                          0x0800087d   Thumb Code     8  libspace.o(.text)
    __user_perproc_libspace                  0x0800087d   Thumb Code     0  libspace.o(.text)
    __user_perthread_libspace                0x0800087d   Thumb Code     0  libspace.o(.text)
    BSP_LCD_Clear                            0x08000885   Thumb Code    50  stm32f429i_discovery_lcd.o(i.BSP_LCD_Clear)
    BSP_LCD_DisplayChar                      0x080008c1   Thumb Code    44  stm32f429i_discovery_lcd.o(i.BSP_LCD_DisplayChar)
    BSP_LCD_DisplayOn                        0x080008f5   Thumb Code    14  stm32f429i_discovery_lcd.o(i.BSP_LCD_DisplayOn)
    BSP_LCD_DisplayStringAt                  0x08000909   Thumb Code   188  stm32f429i_discovery_lcd.o(i.BSP_LCD_DisplayStringAt)
    BSP_LCD_DisplayStringAtLine              0x080009cd   Thumb Code    28  stm32f429i_discovery_lcd.o(i.BSP_LCD_DisplayStringAtLine)
    BSP_LCD_DrawCircle                       0x080009e9   Thumb Code   270  stm32f429i_discovery_lcd.o(i.BSP_LCD_DrawCircle)
    BSP_LCD_DrawHLine                        0x08000b01   Thumb Code    68  stm32f429i_discovery_lcd.o(i.BSP_LCD_DrawHLine)
    BSP_LCD_DrawLine                         0x08000b4d   Thumb Code   192  stm32f429i_discovery_lcd.o(i.BSP_LCD_DrawLine)
    BSP_LCD_DrawPixel                        0x08000c15   Thumb Code    42  stm32f429i_discovery_lcd.o(i.BSP_LCD_DrawPixel)
    BSP_LCD_FillCircle                       0x08000c49   Thumb Code   186  stm32f429i_discovery_lcd.o(i.BSP_LCD_FillCircle)
    BSP_LCD_FillRect                         0x08000d0d   Thumb Code    96  stm32f429i_discovery_lcd.o(i.BSP_LCD_FillRect)
    BSP_LCD_GetFont                          0x08000d75   Thumb Code    18  stm32f429i_discovery_lcd.o(i.BSP_LCD_GetFont)
    BSP_LCD_GetXSize                         0x08000d91   Thumb Code     8  stm32f429i_discovery_lcd.o(i.BSP_LCD_GetXSize)
    BSP_LCD_GetYSize                         0x08000d9d   Thumb Code     8  stm32f429i_discovery_lcd.o(i.BSP_LCD_GetYSize)
    BSP_LCD_Init                             0x08000da9   Thumb Code   130  stm32f429i_discovery_lcd.o(i.BSP_LCD_Init)
    BSP_LCD_LayerDefaultInit                 0x08000e3d   Thumb Code   116  stm32f429i_discovery_lcd.o(i.BSP_LCD_LayerDefaultInit)
    BSP_LCD_MspInit                          0x08000ebd   Thumb Code   270  stm32f429i_discovery_lcd.o(i.BSP_LCD_MspInit)
    BSP_LCD_ReadPixel                        0x08000fe9   Thumb Code   172  stm32f429i_discovery_lcd.o(i.BSP_LCD_ReadPixel)
    BSP_LCD_SelectLayer                      0x0800109d   Thumb Code     6  stm32f429i_discovery_lcd.o(i.BSP_LCD_SelectLayer)
    BSP_LCD_SetFont                          0x080010a9   Thumb Code    18  stm32f429i_discovery_lcd.o(i.BSP_LCD_SetFont)
    BSP_LCD_SetTextColor                     0x080010c5   Thumb Code    16  stm32f429i_discovery_lcd.o(i.BSP_LCD_SetTextColor)
    BSP_SDRAM_Init                           0x080010dd   Thumb Code   106  stm32f429i_discovery_sdram.o(i.BSP_SDRAM_Init)
    BSP_SDRAM_Initialization_sequence        0x08001155   Thumb Code   132  stm32f429i_discovery_sdram.o(i.BSP_SDRAM_Initialization_sequence)
    BSP_SDRAM_MspInit                        0x080011dd   Thumb Code   320  stm32f429i_discovery_sdram.o(i.BSP_SDRAM_MspInit)
    BSP_TS_Init                              0x08001341   Thumb Code    48  stm32f429i_discovery_ts.o(i.BSP_TS_Init)
    BusFault_Handler                         0x08001379   Thumb Code     2  stm32f4xx_it.o(i.BusFault_Handler)
    Com_task                                 0x0800137d   Thumb Code   618  freertos.o(i.Com_task)
    DMA2D_IRQHandler                         0x08001619   Thumb Code     6  stm32f4xx_it.o(i.DMA2D_IRQHandler)
    DebugMon_Handler                         0x08001739   Thumb Code     2  stm32f4xx_it.o(i.DebugMon_Handler)
    Draw_obs                                 0x080017f1   Thumb Code    90  screen_fun.o(i.Draw_obs)
    EXTI0_IRQHandler                         0x0800184d   Thumb Code    30  stm32f4xx_it.o(i.EXTI0_IRQHandler)
    Enviar_Mensaje                           0x08001875   Thumb Code    68  lcd_tft.o(i.Enviar_Mensaje)
    Error_Handler                            0x080018c1   Thumb Code     4  main.o(i.Error_Handler)
    FMC_SDRAM_Init                           0x080018c5   Thumb Code   102  stm32f4xx_ll_fmc.o(i.FMC_SDRAM_Init)
    FMC_SDRAM_ProgramRefreshRate             0x0800192b   Thumb Code    18  stm32f4xx_ll_fmc.o(i.FMC_SDRAM_ProgramRefreshRate)
    FMC_SDRAM_SendCommand                    0x0800193d   Thumb Code    78  stm32f4xx_ll_fmc.o(i.FMC_SDRAM_SendCommand)
    FMC_SDRAM_Timing_Init                    0x0800198d   Thumb Code   154  stm32f4xx_ll_fmc.o(i.FMC_SDRAM_Timing_Init)
    Gyro_init                                0x08001a91   Thumb Code   242  gyro_fun.o(i.Gyro_init)
    HAL_CRC_Init                             0x08001b8d   Thumb Code    34  stm32f4xx_hal_crc.o(i.HAL_CRC_Init)
    HAL_CRC_MspInit                          0x08001bb1   Thumb Code    30  crc.o(i.HAL_CRC_MspInit)
    HAL_DMA2D_CLUTLoadingCpltCallback        0x08001bd9   Thumb Code     2  stm32f4xx_hal_dma2d.o(i.HAL_DMA2D_CLUTLoadingCpltCallback)
    HAL_DMA2D_ConfigLayer                    0x08001bdd   Thumb Code   158  stm32f4xx_hal_dma2d.o(i.HAL_DMA2D_ConfigLayer)
    HAL_DMA2D_IRQHandler                     0x08001c81   Thumb Code   286  stm32f4xx_hal_dma2d.o(i.HAL_DMA2D_IRQHandler)
    HAL_DMA2D_Init                           0x08001d9f   Thumb Code    90  stm32f4xx_hal_dma2d.o(i.HAL_DMA2D_Init)
    HAL_DMA2D_LineEventCallback              0x08001df9   Thumb Code     2  stm32f4xx_hal_dma2d.o(i.HAL_DMA2D_LineEventCallback)
    HAL_DMA2D_MspInit                        0x08001dfd   Thumb Code    50  dma2d.o(i.HAL_DMA2D_MspInit)
    HAL_DMA2D_PollForTransfer                0x08001e39   Thumb Code   272  stm32f4xx_hal_dma2d.o(i.HAL_DMA2D_PollForTransfer)
    HAL_DMA2D_Start                          0x08001f49   Thumb Code    52  stm32f4xx_hal_dma2d.o(i.HAL_DMA2D_Start)
    HAL_DMA_DeInit                           0x08001f7d   Thumb Code    98  stm32f4xx_hal_dma.o(i.HAL_DMA_DeInit)
    HAL_DMA_Init                             0x08001fe1   Thumb Code   206  stm32f4xx_hal_dma.o(i.HAL_DMA_Init)
    HAL_Delay                                0x080020b5   Thumb Code    32  stm32f4xx_hal.o(i.HAL_Delay)
    HAL_GPIO_DeInit                          0x080021b5   Thumb Code   348  stm32f4xx_hal_gpio.o(i.HAL_GPIO_DeInit)
    HAL_GPIO_EXTI_Callback                   0x08002341   Thumb Code     2  stm32f4xx_hal_gpio.o(i.HAL_GPIO_EXTI_Callback)
    HAL_GPIO_EXTI_IRQHandler                 0x08002345   Thumb Code    18  stm32f4xx_hal_gpio.o(i.HAL_GPIO_EXTI_IRQHandler)
    HAL_GPIO_Init                            0x0800235d   Thumb Code   510  stm32f4xx_hal_gpio.o(i.HAL_GPIO_Init)
    HAL_GPIO_WritePin                        0x08002591   Thumb Code    10  stm32f4xx_hal_gpio.o(i.HAL_GPIO_WritePin)
    HAL_GetTick                              0x0800259d   Thumb Code     6  stm32f4xx_hal.o(i.HAL_GetTick)
    HAL_I2CEx_ConfigAnalogFilter             0x080025a9   Thumb Code    66  stm32f4xx_hal_i2c_ex.o(i.HAL_I2CEx_ConfigAnalogFilter)
    HAL_I2CEx_ConfigDigitalFilter            0x080025eb   Thumb Code    62  stm32f4xx_hal_i2c_ex.o(i.HAL_I2CEx_ConfigDigitalFilter)
    HAL_I2C_DeInit                           0x08002629   Thumb Code    50  stm32f4xx_hal_i2c.o(i.HAL_I2C_DeInit)
    HAL_I2C_GetState                         0x0800265b   Thumb Code     6  stm32f4xx_hal_i2c.o(i.HAL_I2C_GetState)
    HAL_I2C_Init                             0x08002661   Thumb Code   376  stm32f4xx_hal_i2c.o(i.HAL_I2C_Init)
    HAL_I2C_Mem_Read                         0x080027e9   Thumb Code   490  stm32f4xx_hal_i2c.o(i.HAL_I2C_Mem_Read)
    HAL_I2C_Mem_Write                        0x080029e1   Thumb Code   294  stm32f4xx_hal_i2c.o(i.HAL_I2C_Mem_Write)
    HAL_I2C_MspDeInit                        0x08002b11   Thumb Code    44  i2c.o(i.HAL_I2C_MspDeInit)
    HAL_I2C_MspInit                          0x08002b4d   Thumb Code   126  i2c.o(i.HAL_I2C_MspInit)
    HAL_IncTick                              0x08002bdd   Thumb Code    12  stm32f4xx_hal.o(i.HAL_IncTick)
    HAL_Init                                 0x08002bed   Thumb Code    48  stm32f4xx_hal.o(i.HAL_Init)
    HAL_InitTick                             0x08002c21   Thumb Code   132  stm32f4xx_hal_timebase_tim.o(i.HAL_InitTick)
    HAL_LTDC_ConfigLayer                     0x08002cb9   Thumb Code    82  stm32f4xx_hal_ltdc.o(i.HAL_LTDC_ConfigLayer)
    HAL_LTDC_EnableDither                    0x08002d0d   Thumb Code    42  stm32f4xx_hal_ltdc.o(i.HAL_LTDC_EnableDither)
    HAL_LTDC_ErrorCallback                   0x08002d3d   Thumb Code     2  stm32f4xx_hal_ltdc.o(i.HAL_LTDC_ErrorCallback)
    HAL_LTDC_IRQHandler                      0x08002d3f   Thumb Code   202  stm32f4xx_hal_ltdc.o(i.HAL_LTDC_IRQHandler)
    HAL_LTDC_Init                            0x08002e09   Thumb Code   238  stm32f4xx_hal_ltdc.o(i.HAL_LTDC_Init)
    HAL_LTDC_LineEventCallback               0x08002efd   Thumb Code     2  stm32f4xx_hal_ltdc.o(i.HAL_LTDC_LineEventCallback)
    HAL_LTDC_MspInit                         0x08002f01   Thumb Code   394  ltdc.o(i.HAL_LTDC_MspInit)
    HAL_LTDC_ReloadEventCallback             0x080030ad   Thumb Code     2  stm32f4xx_hal_ltdc.o(i.HAL_LTDC_ReloadEventCallback)
    HAL_MspInit                              0x080030b1   Thumb Code    52  stm32f4xx_hal_msp.o(i.HAL_MspInit)
    HAL_NVIC_EnableIRQ                       0x080030e9   Thumb Code    26  stm32f4xx_hal_cortex.o(i.HAL_NVIC_EnableIRQ)
    HAL_NVIC_SetPriority                     0x08003105   Thumb Code    60  stm32f4xx_hal_cortex.o(i.HAL_NVIC_SetPriority)
    HAL_NVIC_SetPriorityGrouping             0x08003145   Thumb Code    26  stm32f4xx_hal_cortex.o(i.HAL_NVIC_SetPriorityGrouping)
    HAL_RCCEx_PeriphCLKConfig                0x08003169   Thumb Code   560  stm32f4xx_hal_rcc_ex.o(i.HAL_RCCEx_PeriphCLKConfig)
    HAL_RCC_ClockConfig                      0x080033bd   Thumb Code   288  stm32f4xx_hal_rcc.o(i.HAL_RCC_ClockConfig)
    HAL_RCC_GetClockConfig                   0x080034f1   Thumb Code    54  stm32f4xx_hal_rcc.o(i.HAL_RCC_GetClockConfig)
    HAL_RCC_GetPCLK1Freq                     0x08003531   Thumb Code    20  stm32f4xx_hal_rcc.o(i.HAL_RCC_GetPCLK1Freq)
    HAL_RCC_GetPCLK2Freq                     0x08003551   Thumb Code    20  stm32f4xx_hal_rcc.o(i.HAL_RCC_GetPCLK2Freq)
    HAL_RCC_GetSysClockFreq                  0x08003571   Thumb Code    88  stm32f4xx_hal_rcc.o(i.HAL_RCC_GetSysClockFreq)
    HAL_RCC_OscConfig                        0x080035d1   Thumb Code   856  stm32f4xx_hal_rcc.o(i.HAL_RCC_OscConfig)
    HAL_RTC_GetTime                          0x0800393d   Thumb Code    78  stm32f4xx_hal_rtc.o(i.HAL_RTC_GetTime)
    HAL_RTC_Init                             0x08003991   Thumb Code   136  stm32f4xx_hal_rtc.o(i.HAL_RTC_Init)
    HAL_RTC_MspInit                          0x08003a1d   Thumb Code    52  rtc.o(i.HAL_RTC_MspInit)
    HAL_RTC_SetDate                          0x08003a59   Thumb Code   146  stm32f4xx_hal_rtc.o(i.HAL_RTC_SetDate)
    HAL_RTC_SetTime                          0x08003af1   Thumb Code   186  stm32f4xx_hal_rtc.o(i.HAL_RTC_SetTime)
    HAL_RTC_WaitForSynchro                   0x08003bb1   Thumb Code    54  stm32f4xx_hal_rtc.o(i.HAL_RTC_WaitForSynchro)
    HAL_SDRAM_Init                           0x08003be7   Thumb Code    66  stm32f4xx_hal_sdram.o(i.HAL_SDRAM_Init)
    HAL_SDRAM_MspInit                        0x08003c29   Thumb Code     4  fmc.o(i.HAL_SDRAM_MspInit)
    HAL_SDRAM_ProgramRefreshRate             0x08003c2d   Thumb Code    46  stm32f4xx_hal_sdram.o(i.HAL_SDRAM_ProgramRefreshRate)
    HAL_SDRAM_SendCommand                    0x08003c5d   Thumb Code    60  stm32f4xx_hal_sdram.o(i.HAL_SDRAM_SendCommand)
    HAL_SPI_DeInit                           0x08003c99   Thumb Code    46  stm32f4xx_hal_spi.o(i.HAL_SPI_DeInit)
    HAL_SPI_GetState                         0x08003cc7   Thumb Code     6  stm32f4xx_hal_spi.o(i.HAL_SPI_GetState)
    HAL_SPI_Init                             0x08003ccd   Thumb Code   188  stm32f4xx_hal_spi.o(i.HAL_SPI_Init)
    HAL_SPI_MspDeInit                        0x08003d89   Thumb Code    30  spi.o(i.HAL_SPI_MspDeInit)
    HAL_SPI_MspInit                          0x08003db5   Thumb Code    92  spi.o(i.HAL_SPI_MspInit)
    HAL_SPI_Receive                          0x08003e1d   Thumb Code   346  stm32f4xx_hal_spi.o(i.HAL_SPI_Receive)
    HAL_SPI_Transmit                         0x08003f77   Thumb Code   358  stm32f4xx_hal_spi.o(i.HAL_SPI_Transmit)
    HAL_SPI_TransmitReceive                  0x080040dd   Thumb Code   482  stm32f4xx_hal_spi.o(i.HAL_SPI_TransmitReceive)
    HAL_TIMEx_BreakCallback                  0x080042bf   Thumb Code     2  stm32f4xx_hal_tim_ex.o(i.HAL_TIMEx_BreakCallback)
    HAL_TIMEx_CommutCallback                 0x080042c1   Thumb Code     2  stm32f4xx_hal_tim_ex.o(i.HAL_TIMEx_CommutCallback)
    HAL_TIMEx_MasterConfigSynchronization    0x080042c5   Thumb Code   116  stm32f4xx_hal_tim_ex.o(i.HAL_TIMEx_MasterConfigSynchronization)
    HAL_TIM_Base_Init                        0x08004355   Thumb Code    90  stm32f4xx_hal_tim.o(i.HAL_TIM_Base_Init)
    HAL_TIM_Base_MspInit                     0x080043b1   Thumb Code    30  tim.o(i.HAL_TIM_Base_MspInit)
    HAL_TIM_Base_Start_IT                    0x080043d9   Thumb Code   100  stm32f4xx_hal_tim.o(i.HAL_TIM_Base_Start_IT)
    HAL_TIM_ConfigClockSource                0x08004459   Thumb Code   220  stm32f4xx_hal_tim.o(i.HAL_TIM_ConfigClockSource)
    HAL_TIM_IC_CaptureCallback               0x08004535   Thumb Code     2  stm32f4xx_hal_tim.o(i.HAL_TIM_IC_CaptureCallback)
    HAL_TIM_IRQHandler                       0x08004537   Thumb Code   358  stm32f4xx_hal_tim.o(i.HAL_TIM_IRQHandler)
    HAL_TIM_OC_DelayElapsedCallback          0x0800469d   Thumb Code     2  stm32f4xx_hal_tim.o(i.HAL_TIM_OC_DelayElapsedCallback)
    HAL_TIM_PWM_PulseFinishedCallback        0x0800469f   Thumb Code     2  stm32f4xx_hal_tim.o(i.HAL_TIM_PWM_PulseFinishedCallback)
    HAL_TIM_PeriodElapsedCallback            0x080046a1   Thumb Code    14  main.o(i.HAL_TIM_PeriodElapsedCallback)
    HAL_TIM_TriggerCallback                  0x080046b5   Thumb Code     2  stm32f4xx_hal_tim.o(i.HAL_TIM_TriggerCallback)
    HAL_UART_Init                            0x080046b7   Thumb Code    98  stm32f4xx_hal_uart.o(i.HAL_UART_Init)
    HAL_UART_MspInit                         0x08004719   Thumb Code    94  usart.o(i.HAL_UART_MspInit)
    HardFault_Handler                        0x08004785   Thumb Code     2  stm32f4xx_it.o(i.HardFault_Handler)
    IOE_Delay                                0x08004c69   Thumb Code     4  stm32f429i_discovery.o(i.IOE_Delay)
    IOE_ITConfig                             0x08004c6d   Thumb Code    70  stm32f429i_discovery.o(i.IOE_ITConfig)
    IOE_Init                                 0x08004cbd   Thumb Code     4  stm32f429i_discovery.o(i.IOE_Init)
    IOE_Read                                 0x08004cc1   Thumb Code    44  stm32f429i_discovery.o(i.IOE_Read)
    IOE_ReadMultiple                         0x08004cf5   Thumb Code    38  stm32f429i_discovery.o(i.IOE_ReadMultiple)
    IOE_Write                                0x08004d25   Thumb Code    40  stm32f429i_discovery.o(i.IOE_Write)
    Image_task                               0x08004d55   Thumb Code   224  freertos.o(i.Image_task)
    LCD_Delay                                0x08004ea1   Thumb Code     4  stm32f429i_discovery.o(i.LCD_Delay)
    LCD_IO_Init                              0x08004ea5   Thumb Code   150  stm32f429i_discovery.o(i.LCD_IO_Init)
    LCD_IO_ReadData                          0x08004f4d   Thumb Code    92  stm32f429i_discovery.o(i.LCD_IO_ReadData)
    LCD_IO_WriteData                         0x08004fb9   Thumb Code    46  stm32f429i_discovery.o(i.LCD_IO_WriteData)
    LCD_IO_WriteReg                          0x08004ff1   Thumb Code    48  stm32f429i_discovery.o(i.LCD_IO_WriteReg)
    LTDC_IRQHandler                          0x08005029   Thumb Code     6  stm32f4xx_it.o(i.LTDC_IRQHandler)
    Logic_task                               0x08005199   Thumb Code  1018  freertos.o(i.Logic_task)
    MX_CRC_Init                              0x080055a1   Thumb Code    28  crc.o(i.MX_CRC_Init)
    MX_DMA2D_Init                            0x080055c5   Thumb Code    56  dma2d.o(i.MX_DMA2D_Init)
    MX_FMC_Init                              0x08005605   Thumb Code    96  fmc.o(i.MX_FMC_Init)
    MX_FREERTOS_Init                         0x0800566d   Thumb Code   172  freertos.o(i.MX_FREERTOS_Init)
    MX_GPIO_Init                             0x08005721   Thumb Code   432  gpio.o(i.MX_GPIO_Init)
    MX_I2C3_Init                             0x080058e9   Thumb Code    78  i2c.o(i.MX_I2C3_Init)
    MX_LTDC_Init                             0x08005945   Thumb Code   168  ltdc.o(i.MX_LTDC_Init)
    MX_RTC_Init                              0x080059f5   Thumb Code   124  rtc.o(i.MX_RTC_Init)
    MX_SPI5_Init                             0x08005a79   Thumb Code    62  spi.o(i.MX_SPI5_Init)
    MX_TIM1_Init                             0x08005ac1   Thumb Code    94  tim.o(i.MX_TIM1_Init)
    MX_USART1_UART_Init                      0x08005b29   Thumb Code    48  usart.o(i.MX_USART1_UART_Init)
    Map_draw                                 0x08005b61   Thumb Code  1226  screen_fun.o(i.Map_draw)
    MemManage_Handler                        0x0800602b   Thumb Code     2  stm32f4xx_it.o(i.MemManage_Handler)
    NMI_Handler                              0x0800602d   Thumb Code     2  stm32f4xx_it.o(i.NMI_Handler)
    RTC_Bcd2ToByte                           0x0800602f   Thumb Code    18  stm32f4xx_hal_rtc.o(i.RTC_Bcd2ToByte)
    RTC_ByteToBcd2                           0x08006041   Thumb Code    24  stm32f4xx_hal_rtc.o(i.RTC_ByteToBcd2)
    RTC_EnterInitMode                        0x08006059   Thumb Code    72  stm32f4xx_hal_rtc.o(i.RTC_EnterInitMode)
    RTC_ExitInitMode                         0x080060a1   Thumb Code    42  stm32f4xx_hal_rtc.o(i.RTC_ExitInitMode)
    SysTick_Handler                          0x0800630d   Thumb Code    38  port.o(i.SysTick_Handler)
    SystemClock_Config                       0x08006339   Thumb Code   146  main.o(i.SystemClock_Config)
    SystemInit                               0x080063d5   Thumb Code    12  system_stm32f4xx.o(i.SystemInit)
    TIM6_DAC_IRQHandler                      0x080063e5   Thumb Code     6  stm32f4xx_it.o(i.TIM6_DAC_IRQHandler)
    TIM_Base_SetConfig                       0x080063f1   Thumb Code   156  stm32f4xx_hal_tim.o(i.TIM_Base_SetConfig)
    TIM_ETR_SetConfig                        0x080064b9   Thumb Code    20  stm32f4xx_hal_tim.o(i.TIM_ETR_SetConfig)
    UsageFault_Handler                       0x08006631   Thumb Code     2  stm32f4xx_it.o(i.UsageFault_Handler)
    _sys_exit                                0x08006653   Thumb Code     2  redirect.o(i._sys_exit)
    fputc                                    0x08006655   Thumb Code     6  redirect.o(i.fputc)
    ili9341_DisplayOff                       0x0800665b   Thumb Code     6  ili9341.o(i.ili9341_DisplayOff)
    ili9341_DisplayOn                        0x08006661   Thumb Code     6  ili9341.o(i.ili9341_DisplayOn)
    ili9341_GetLcdPixelHeight                0x08006667   Thumb Code     6  ili9341.o(i.ili9341_GetLcdPixelHeight)
    ili9341_GetLcdPixelWidth                 0x0800666d   Thumb Code     4  ili9341.o(i.ili9341_GetLcdPixelWidth)
    ili9341_Init                             0x08006671   Thumb Code   658  ili9341.o(i.ili9341_Init)
    ili9341_ReadID                           0x08006903   Thumb Code    18  ili9341.o(i.ili9341_ReadID)
    main                                     0x08006915   Thumb Code   168  main.o(i.main)
    osDelay                                  0x080069e9   Thumb Code    14  cmsis_os.o(i.osDelay)
    osKernelStart                            0x080069f7   Thumb Code    10  cmsis_os.o(i.osKernelStart)
    osMessageCreate                          0x08006a01   Thumb Code    38  cmsis_os.o(i.osMessageCreate)
    osThreadCreate                           0x08006a27   Thumb Code    84  cmsis_os.o(i.osThreadCreate)
    pvPortMalloc                             0x08006f1d   Thumb Code   226  heap_4.o(i.pvPortMalloc)
    pxPortInitialiseStack                    0x08007005   Thumb Code    40  port.o(i.pxPortInitialiseStack)
    stmpe811_ClearGlobalIT                   0x08007031   Thumb Code    10  stmpe811.o(i.stmpe811_ClearGlobalIT)
    stmpe811_DisableGlobalIT                 0x0800703b   Thumb Code    28  stmpe811.o(i.stmpe811_DisableGlobalIT)
    stmpe811_DisableITSource                 0x08007057   Thumb Code    30  stmpe811.o(i.stmpe811_DisableITSource)
    stmpe811_EnableGlobalIT                  0x08007075   Thumb Code    28  stmpe811.o(i.stmpe811_EnableGlobalIT)
    stmpe811_EnableITSource                  0x08007091   Thumb Code    30  stmpe811.o(i.stmpe811_EnableITSource)
    stmpe811_IO_EnableAF                     0x080070cd   Thumb Code    30  stmpe811.o(i.stmpe811_IO_EnableAF)
    stmpe811_Init                            0x080070ed   Thumb Code    42  stmpe811.o(i.stmpe811_Init)
    stmpe811_ReadID                          0x0800711d   Thumb Code    32  stmpe811.o(i.stmpe811_ReadID)
    stmpe811_Reset                           0x0800713d   Thumb Code    40  stmpe811.o(i.stmpe811_Reset)
    stmpe811_TS_ClearIT                      0x08007165   Thumb Code     6  stmpe811.o(i.stmpe811_TS_ClearIT)
    stmpe811_TS_DetectTouch                  0x0800716b   Thumb Code    54  stmpe811.o(i.stmpe811_TS_DetectTouch)
    stmpe811_TS_DisableIT                    0x080071a1   Thumb Code    20  stmpe811.o(i.stmpe811_TS_DisableIT)
    stmpe811_TS_EnableIT                     0x080071b5   Thumb Code    26  stmpe811.o(i.stmpe811_TS_EnableIT)
    stmpe811_TS_GetXY                        0x080071cf   Thumb Code    74  stmpe811.o(i.stmpe811_TS_GetXY)
    stmpe811_TS_ITStatus                     0x08007219   Thumb Code    16  stmpe811.o(i.stmpe811_TS_ITStatus)
    stmpe811_TS_Start                        0x08007229   Thumb Code   162  stmpe811.o(i.stmpe811_TS_Start)
    uxListRemove                             0x080072cb   Thumb Code    38  list.o(i.uxListRemove)
    vApplicationGetIdleTaskMemory            0x080072f1   Thumb Code    16  freertos.o(i.vApplicationGetIdleTaskMemory)
    vApplicationIdleHook                     0x08007305   Thumb Code     2  freertos.o(i.vApplicationIdleHook)
    vApplicationMallocFailedHook             0x08007307   Thumb Code     2  freertos.o(i.vApplicationMallocFailedHook)
    vApplicationStackOverflowHook            0x08007309   Thumb Code     2  freertos.o(i.vApplicationStackOverflowHook)
    vListInitialise                          0x0800730b   Thumb Code    22  list.o(i.vListInitialise)
    vListInitialiseItem                      0x08007321   Thumb Code     6  list.o(i.vListInitialiseItem)
    vListInsert                              0x08007327   Thumb Code    48  list.o(i.vListInsert)
    vListInsertEnd                           0x08007357   Thumb Code    24  list.o(i.vListInsertEnd)
    vPortEnterCritical                       0x08007371   Thumb Code    54  port.o(i.vPortEnterCritical)
    vPortExitCritical                        0x080073b1   Thumb Code    34  port.o(i.vPortExitCritical)
    vPortFree                                0x080073d9   Thumb Code    94  heap_4.o(i.vPortFree)
    vPortSetupTimerInterrupt                 0x0800743d   Thumb Code    32  port.o(i.vPortSetupTimerInterrupt)
    vTaskDelay                               0x08007461   Thumb Code    66  tasks.o(i.vTaskDelay)
    vTaskInternalSetTimeOutState             0x080074ad   Thumb Code    12  tasks.o(i.vTaskInternalSetTimeOutState)
    vTaskMissedYield                         0x080074bd   Thumb Code     8  tasks.o(i.vTaskMissedYield)
    vTaskPlaceOnEventList                    0x080074c9   Thumb Code    44  tasks.o(i.vTaskPlaceOnEventList)
    vTaskStartScheduler                      0x080074f9   Thumb Code    90  tasks.o(i.vTaskStartScheduler)
    vTaskSuspendAll                          0x08007565   Thumb Code    10  tasks.o(i.vTaskSuspendAll)
    vTaskSwitchContext                       0x08007575   Thumb Code   126  tasks.o(i.vTaskSwitchContext)
    xPortStartScheduler                      0x080075fd   Thumb Code   222  port.o(i.xPortStartScheduler)
    xQueueGenericCreate                      0x080076f1   Thumb Code    66  queue.o(i.xQueueGenericCreate)
    xQueueGenericCreateStatic                0x08007733   Thumb Code   102  queue.o(i.xQueueGenericCreateStatic)
    xQueueGenericReset                       0x08007799   Thumb Code   132  queue.o(i.xQueueGenericReset)
    xQueueGenericSend                        0x08007821   Thumb Code   346  queue.o(i.xQueueGenericSend)
    xQueueReceive                            0x08007981   Thumb Code   308  queue.o(i.xQueueReceive)
    xTaskCheckForTimeOut                     0x08007ab9   Thumb Code   112  tasks.o(i.xTaskCheckForTimeOut)
    xTaskCreate                              0x08007b2d   Thumb Code    90  tasks.o(i.xTaskCreate)
    xTaskCreateStatic                        0x08007b87   Thumb Code    86  tasks.o(i.xTaskCreateStatic)
    xTaskGetSchedulerState                   0x08007bdd   Thumb Code    22  tasks.o(i.xTaskGetSchedulerState)
    xTaskIncrementTick                       0x08007bf9   Thumb Code   194  tasks.o(i.xTaskIncrementTick)
    xTaskPriorityDisinherit                  0x08007cc5   Thumb Code   144  tasks.o(i.xTaskPriorityDisinherit)
    xTaskRemoveFromEventList                 0x08007d5d   Thumb Code   108  tasks.o(i.xTaskRemoveFromEventList)
    xTaskResumeAll                           0x08007dd1   Thumb Code   182  tasks.o(i.xTaskResumeAll)
    _fp_init                                 0x08007e95   Thumb Code    10  fpinit.o(x$fpl$fpinit)
    __fplib_config_fpu_vfp                   0x08007e9d   Thumb Code     0  fpinit.o(x$fpl$fpinit)
    __fplib_config_pureend_doubles           0x08007e9d   Thumb Code     0  fpinit.o(x$fpl$fpinit)
    AHBPrescTable                            0x08007f3c   Data          16  system_stm32f4xx.o(.constdata)
    APBPrescTable                            0x08007f4c   Data           8  system_stm32f4xx.o(.constdata)
    Font24_Table                             0x08007f54   Data        6840  stm32f429i_discovery_lcd.o(.constdata)
    Font8_Table                              0x08009a0c   Data         760  stm32f429i_discovery_lcd.o(.constdata)
    Region$$Table$$Base                      0x08009d28   Number         0  anon$$obj.o(Region$$Table)
    Region$$Table$$Limit                     0x08009d48   Number         0  anon$$obj.o(Region$$Table)
    game_status                              0x20000000   Data           1  main.o(.data)
    GraphicsHandle                           0x20000008   Data           4  freertos.o(.data)
    LogicsHandle                             0x2000000c   Data           4  freertos.o(.data)
    ComunnicationHandle                      0x20000010   Data           4  freertos.o(.data)
    x_colaHandle                             0x20000014   Data           4  freertos.o(.data)
    y_colaHandle                             0x20000018   Data           4  freertos.o(.data)
    z_colaHandle                             0x2000001c   Data           4  freertos.o(.data)
    BallHandle                               0x20000020   Data           4  freertos.o(.data)
    hcrc                                     0x2000002c   Data           8  crc.o(.data)
    uwTickFreq                               0x2000003c   Data           1  stm32f4xx_hal.o(.data)
    uwTickPrio                               0x20000040   Data           4  stm32f4xx_hal.o(.data)
    uwTick                                   0x20000044   Data           4  stm32f4xx_hal.o(.data)
    SystemCoreClock                          0x20000048   Data           4  system_stm32f4xx.o(.data)
    pxCurrentTCB                             0x2000004c   Data           4  tasks.o(.data)
    BUTTON_PORT                              0x200000b8   Data           4  stm32f429i_discovery.o(.data)
    I2cxTimeout                              0x200000bc   Data           4  stm32f429i_discovery.o(.data)
    SpixTimeout                              0x200000c0   Data           4  stm32f429i_discovery.o(.data)
    GPIO_PORT                                0x200000c4   Data           8  stm32f429i_discovery.o(.data)
    LcdDrv                                   0x200000d0   Data           4  stm32f429i_discovery_lcd.o(.data)
    Font24                                   0x200000d4   Data           8  stm32f429i_discovery_lcd.o(.data)
    Font8                                    0x200000dc   Data           8  stm32f429i_discovery_lcd.o(.data)
    stmpe811_ts_drv                          0x200000f8   Data          40  stmpe811.o(.data)
    stmpe811                                 0x20000120   Data           2  stmpe811.o(.data)
    ili9341_drv                              0x20000124   Data          56  ili9341.o(.data)
    i                                        0x2000015c   Data           1  lcd_tft.o(.data)
    Linea                                    0x2000015d   Data           1  lcd_tft.o(.data)
    __stdout                                 0x20000160   Data           4  redirect.o(.data)
    hora                                     0x20000164   Data          20  main.o(.bss)
    hdma2d                                   0x200003d0   Data          64  dma2d.o(.bss)
    hsdram1                                  0x20000410   Data          52  fmc.o(.bss)
    hi2c3                                    0x20000444   Data          84  i2c.o(.bss)
    hltdc                                    0x20000498   Data         168  ltdc.o(.bss)
    hrtc                                     0x20000540   Data          32  rtc.o(.bss)
    hspi5                                    0x20000560   Data          88  spi.o(.bss)
    htim1                                    0x200005b8   Data          72  tim.o(.bss)
    huart1                                   0x20000600   Data          68  usart.o(.bss)
    htim6                                    0x20000644   Data          72  stm32f4xx_hal_timebase_tim.o(.bss)
    I2cHandle                                0x2000877c   Data          84  stm32f429i_discovery.o(.bss)
    LtdcHandler                              0x20008828   Data         168  stm32f429i_discovery_lcd.o(.bss)
    LCD_String                               0x20008a78   Data          20  lcd_tft.o(.bss)
    __libspace_start                         0x20008a8c   Data          96  libspace.o(.bss)
    __temporary_stack_top$libspace           0x20008aec   Data           0  libspace.o(.bss)



==============================================================================

Memory Map of the image

  Image Entry point : 0x080001ad

  Load Region LR_IROM1 (Base: 0x08000000, Size: 0x00009eac, Max: 0x00200000, ABSOLUTE, COMPRESSED[0x00009db0])

    Execution Region ER_IROM1 (Exec base: 0x08000000, Load base: 0x08000000, Size: 0x00009d48, Max: 0x00200000, ABSOLUTE)

    Exec Addr    Load Addr    Size         Type   Attr      Idx    E Section Name        Object

    0x08000000   0x08000000   0x000001ac   Data   RO            3    RESET               startup_stm32f429xx.o
    0x080001ac   0x080001ac   0x00000008   Code   RO         8242  * !!!main             c_w.l(__main.o)
    0x080001b4   0x080001b4   0x00000034   Code   RO         8424    !!!scatter          c_w.l(__scatter.o)
    0x080001e8   0x080001e8   0x0000005a   Code   RO         8422    !!dczerorl2         c_w.l(__dczerorl2.o)
    0x08000242   0x08000242   0x00000002   PAD
    0x08000244   0x08000244   0x0000001c   Code   RO         8426    !!handler_zi        c_w.l(__scatter_zi.o)
    0x08000260   0x08000260   0x00000000   Code   RO         8229    .ARM.Collect$$_printf_percent$$00000000  c_w.l(_printf_percent.o)
    0x08000260   0x08000260   0x00000006   Code   RO         8228    .ARM.Collect$$_printf_percent$$00000009  c_w.l(_printf_d.o)
    0x08000266   0x08000266   0x00000004   Code   RO         8253    .ARM.Collect$$_printf_percent$$00000017  c_w.l(_printf_percent_end.o)
    0x0800026a   0x0800026a   0x00000002   Code   RO         8294    .ARM.Collect$$libinit$$00000000  c_w.l(libinit.o)
    0x0800026c   0x0800026c   0x00000004   Code   RO         8306    .ARM.Collect$$libinit$$00000001  c_w.l(libinit2.o)
    0x08000270   0x08000270   0x00000000   Code   RO         8309    .ARM.Collect$$libinit$$00000004  c_w.l(libinit2.o)
    0x08000270   0x08000270   0x00000000   Code   RO         8312    .ARM.Collect$$libinit$$0000000A  c_w.l(libinit2.o)
    0x08000270   0x08000270   0x00000000   Code   RO         8314    .ARM.Collect$$libinit$$0000000C  c_w.l(libinit2.o)
    0x08000270   0x08000270   0x00000000   Code   RO         8316    .ARM.Collect$$libinit$$0000000E  c_w.l(libinit2.o)
    0x08000270   0x08000270   0x00000000   Code   RO         8319    .ARM.Collect$$libinit$$00000011  c_w.l(libinit2.o)
    0x08000270   0x08000270   0x00000000   Code   RO         8321    .ARM.Collect$$libinit$$00000013  c_w.l(libinit2.o)
    0x08000270   0x08000270   0x00000000   Code   RO         8323    .ARM.Collect$$libinit$$00000015  c_w.l(libinit2.o)
    0x08000270   0x08000270   0x00000000   Code   RO         8325    .ARM.Collect$$libinit$$00000017  c_w.l(libinit2.o)
    0x08000270   0x08000270   0x00000000   Code   RO         8327    .ARM.Collect$$libinit$$00000019  c_w.l(libinit2.o)
    0x08000270   0x08000270   0x00000000   Code   RO         8329    .ARM.Collect$$libinit$$0000001B  c_w.l(libinit2.o)
    0x08000270   0x08000270   0x00000000   Code   RO         8331    .ARM.Collect$$libinit$$0000001D  c_w.l(libinit2.o)
    0x08000270   0x08000270   0x00000000   Code   RO         8333    .ARM.Collect$$libinit$$0000001F  c_w.l(libinit2.o)
    0x08000270   0x08000270   0x00000000   Code   RO         8335    .ARM.Collect$$libinit$$00000021  c_w.l(libinit2.o)
    0x08000270   0x08000270   0x00000000   Code   RO         8337    .ARM.Collect$$libinit$$00000023  c_w.l(libinit2.o)
    0x08000270   0x08000270   0x00000000   Code   RO         8339    .ARM.Collect$$libinit$$00000025  c_w.l(libinit2.o)
    0x08000270   0x08000270   0x00000000   Code   RO         8343    .ARM.Collect$$libinit$$0000002C  c_w.l(libinit2.o)
    0x08000270   0x08000270   0x00000000   Code   RO         8345    .ARM.Collect$$libinit$$0000002E  c_w.l(libinit2.o)
    0x08000270   0x08000270   0x00000000   Code   RO         8347    .ARM.Collect$$libinit$$00000030  c_w.l(libinit2.o)
    0x08000270   0x08000270   0x00000000   Code   RO         8349    .ARM.Collect$$libinit$$00000032  c_w.l(libinit2.o)
    0x08000270   0x08000270   0x00000002   Code   RO         8350    .ARM.Collect$$libinit$$00000033  c_w.l(libinit2.o)
    0x08000272   0x08000272   0x00000002   Code   RO         8376    .ARM.Collect$$libshutdown$$00000000  c_w.l(libshutdown.o)
    0x08000274   0x08000274   0x00000000   Code   RO         8403    .ARM.Collect$$libshutdown$$00000002  c_w.l(libshutdown2.o)
    0x08000274   0x08000274   0x00000000   Code   RO         8405    .ARM.Collect$$libshutdown$$00000004  c_w.l(libshutdown2.o)
    0x08000274   0x08000274   0x00000000   Code   RO         8407    .ARM.Collect$$libshutdown$$00000006  c_w.l(libshutdown2.o)
    0x08000274   0x08000274   0x00000000   Code   RO         8410    .ARM.Collect$$libshutdown$$00000009  c_w.l(libshutdown2.o)
    0x08000274   0x08000274   0x00000000   Code   RO         8413    .ARM.Collect$$libshutdown$$0000000C  c_w.l(libshutdown2.o)
    0x08000274   0x08000274   0x00000000   Code   RO         8415    .ARM.Collect$$libshutdown$$0000000E  c_w.l(libshutdown2.o)
    0x08000274   0x08000274   0x00000000   Code   RO         8418    .ARM.Collect$$libshutdown$$00000011  c_w.l(libshutdown2.o)
    0x08000274   0x08000274   0x00000002   Code   RO         8419    .ARM.Collect$$libshutdown$$00000012  c_w.l(libshutdown2.o)
    0x08000276   0x08000276   0x00000000   Code   RO         8244    .ARM.Collect$$rtentry$$00000000  c_w.l(__rtentry.o)
    0x08000276   0x08000276   0x00000000   Code   RO         8257    .ARM.Collect$$rtentry$$00000002  c_w.l(__rtentry2.o)
    0x08000276   0x08000276   0x00000006   Code   RO         8269    .ARM.Collect$$rtentry$$00000004  c_w.l(__rtentry4.o)
    0x0800027c   0x0800027c   0x00000000   Code   RO         8259    .ARM.Collect$$rtentry$$00000009  c_w.l(__rtentry2.o)
    0x0800027c   0x0800027c   0x00000004   Code   RO         8260    .ARM.Collect$$rtentry$$0000000A  c_w.l(__rtentry2.o)
    0x08000280   0x08000280   0x00000000   Code   RO         8262    .ARM.Collect$$rtentry$$0000000C  c_w.l(__rtentry2.o)
    0x08000280   0x08000280   0x00000008   Code   RO         8263    .ARM.Collect$$rtentry$$0000000D  c_w.l(__rtentry2.o)
    0x08000288   0x08000288   0x00000002   Code   RO         8298    .ARM.Collect$$rtexit$$00000000  c_w.l(rtexit.o)
    0x0800028a   0x0800028a   0x00000000   Code   RO         8352    .ARM.Collect$$rtexit$$00000002  c_w.l(rtexit2.o)
    0x0800028a   0x0800028a   0x00000004   Code   RO         8353    .ARM.Collect$$rtexit$$00000003  c_w.l(rtexit2.o)
    0x0800028e   0x0800028e   0x00000006   Code   RO         8354    .ARM.Collect$$rtexit$$00000004  c_w.l(rtexit2.o)
    0x08000294   0x08000294   0x000000be   Code   RO         6901    .emb_text           port.o
    0x08000352   0x08000352   0x00000002   PAD
    0x08000354   0x08000354   0x00000040   Code   RO            4    .text               startup_stm32f429xx.o
    0x08000394   0x08000394   0x00000002   Code   RO         8196    .text               c_w.l(use_no_semi.o)
    0x08000396   0x08000396   0x000000ee   Code   RO         8198    .text               c_w.l(lludivv7m.o)
    0x08000484   0x08000484   0x00000018   Code   RO         8202    .text               c_w.l(noretval__2printf.o)
    0x0800049c   0x0800049c   0x00000068   Code   RO         8204    .text               c_w.l(__printf.o)
    0x08000504   0x08000504   0x00000078   Code   RO         8206    .text               c_w.l(_printf_dec.o)
    0x0800057c   0x0800057c   0x0000008a   Code   RO         8230    .text               c_w.l(rt_memcpy_v6.o)
    0x08000606   0x08000606   0x00000064   Code   RO         8232    .text               c_w.l(rt_memcpy_w.o)
    0x0800066a   0x0800066a   0x00000010   Code   RO         8236    .text               c_w.l(aeabi_memset.o)
    0x0800067a   0x0800067a   0x0000004e   Code   RO         8238    .text               c_w.l(rt_memclr_w.o)
    0x080006c8   0x080006c8   0x00000006   Code   RO         8240    .text               c_w.l(heapauxi.o)
    0x080006ce   0x080006ce   0x000000b2   Code   RO         8249    .text               c_w.l(_printf_intcommon.o)
    0x08000780   0x08000780   0x00000024   Code   RO         8251    .text               c_w.l(_printf_char_file.o)
    0x080007a4   0x080007a4   0x00000044   Code   RO         8254    .text               c_w.l(rt_memclr.o)
    0x080007e8   0x080007e8   0x00000030   Code   RO         8273    .text               c_w.l(_printf_char_common.o)
    0x08000818   0x08000818   0x00000008   Code   RO         8275    .text               c_w.l(ferror.o)
    0x08000820   0x08000820   0x0000004a   Code   RO         8279    .text               c_w.l(sys_stackheap_outer.o)
    0x0800086a   0x0800086a   0x00000012   Code   RO         8283    .text               c_w.l(exit.o)
    0x0800087c   0x0800087c   0x00000008   Code   RO         8295    .text               c_w.l(libspace.o)
    0x08000884   0x08000884   0x0000003c   Code   RO         7270    i.BSP_LCD_Clear     stm32f429i_discovery_lcd.o
    0x080008c0   0x080008c0   0x00000034   Code   RO         7272    i.BSP_LCD_DisplayChar  stm32f429i_discovery_lcd.o
    0x080008f4   0x080008f4   0x00000014   Code   RO         7274    i.BSP_LCD_DisplayOn  stm32f429i_discovery_lcd.o
    0x08000908   0x08000908   0x000000c4   Code   RO         7275    i.BSP_LCD_DisplayStringAt  stm32f429i_discovery_lcd.o
    0x080009cc   0x080009cc   0x0000001c   Code   RO         7276    i.BSP_LCD_DisplayStringAtLine  stm32f429i_discovery_lcd.o
    0x080009e8   0x080009e8   0x00000118   Code   RO         7278    i.BSP_LCD_DrawCircle  stm32f429i_discovery_lcd.o
    0x08000b00   0x08000b00   0x0000004c   Code   RO         7280    i.BSP_LCD_DrawHLine  stm32f429i_discovery_lcd.o
    0x08000b4c   0x08000b4c   0x000000c8   Code   RO         7281    i.BSP_LCD_DrawLine  stm32f429i_discovery_lcd.o
    0x08000c14   0x08000c14   0x00000034   Code   RO         7282    i.BSP_LCD_DrawPixel  stm32f429i_discovery_lcd.o
    0x08000c48   0x08000c48   0x000000c4   Code   RO         7286    i.BSP_LCD_FillCircle  stm32f429i_discovery_lcd.o
    0x08000d0c   0x08000d0c   0x00000068   Code   RO         7289    i.BSP_LCD_FillRect  stm32f429i_discovery_lcd.o
    0x08000d74   0x08000d74   0x0000001c   Code   RO         7292    i.BSP_LCD_GetFont   stm32f429i_discovery_lcd.o
    0x08000d90   0x08000d90   0x0000000c   Code   RO         7294    i.BSP_LCD_GetXSize  stm32f429i_discovery_lcd.o
    0x08000d9c   0x08000d9c   0x0000000c   Code   RO         7295    i.BSP_LCD_GetYSize  stm32f429i_discovery_lcd.o
    0x08000da8   0x08000da8   0x00000094   Code   RO         7296    i.BSP_LCD_Init      stm32f429i_discovery_lcd.o
    0x08000e3c   0x08000e3c   0x00000080   Code   RO         7297    i.BSP_LCD_LayerDefaultInit  stm32f429i_discovery_lcd.o
    0x08000ebc   0x08000ebc   0x0000012c   Code   RO         7298    i.BSP_LCD_MspInit   stm32f429i_discovery_lcd.o
    0x08000fe8   0x08000fe8   0x000000b4   Code   RO         7299    i.BSP_LCD_ReadPixel  stm32f429i_discovery_lcd.o
    0x0800109c   0x0800109c   0x0000000c   Code   RO         7303    i.BSP_LCD_SelectLayer  stm32f429i_discovery_lcd.o
    0x080010a8   0x080010a8   0x0000001c   Code   RO         7307    i.BSP_LCD_SetFont   stm32f429i_discovery_lcd.o
    0x080010c4   0x080010c4   0x00000018   Code   RO         7314    i.BSP_LCD_SetTextColor  stm32f429i_discovery_lcd.o
    0x080010dc   0x080010dc   0x00000078   Code   RO         7624    i.BSP_SDRAM_Init    stm32f429i_discovery_sdram.o
    0x08001154   0x08001154   0x00000088   Code   RO         7625    i.BSP_SDRAM_Initialization_sequence  stm32f429i_discovery_sdram.o
    0x080011dc   0x080011dc   0x00000164   Code   RO         7627    i.BSP_SDRAM_MspInit  stm32f429i_discovery_sdram.o
    0x08001340   0x08001340   0x00000038   Code   RO         7708    i.BSP_TS_Init       stm32f429i_discovery_ts.o
    0x08001378   0x08001378   0x00000002   Code   RO          811    i.BusFault_Handler  stm32f4xx_it.o
    0x0800137a   0x0800137a   0x00000002   PAD
    0x0800137c   0x0800137c   0x0000029c   Code   RO          337    i.Com_task          freertos.o
    0x08001618   0x08001618   0x0000000c   Code   RO          812    i.DMA2D_IRQHandler  stm32f4xx_it.o
    0x08001624   0x08001624   0x00000096   Code   RO         2230    i.DMA2D_SetConfig   stm32f4xx_hal_dma2d.o
    0x080016ba   0x080016ba   0x00000002   PAD
    0x080016bc   0x080016bc   0x00000028   Code   RO         1527    i.DMA_CalcBaseAndBitshift  stm32f4xx_hal_dma.o
    0x080016e4   0x080016e4   0x00000054   Code   RO         1528    i.DMA_CheckFifoParam  stm32f4xx_hal_dma.o
    0x08001738   0x08001738   0x00000002   Code   RO          813    i.DebugMon_Handler  stm32f4xx_it.o
    0x0800173a   0x0800173a   0x00000002   PAD
    0x0800173c   0x0800173c   0x000000b4   Code   RO         7318    i.DrawChar          stm32f429i_discovery_lcd.o
    0x080017f0   0x080017f0   0x0000005a   Code   RO         8164    i.Draw_obs          screen_fun.o
    0x0800184a   0x0800184a   0x00000002   PAD
    0x0800184c   0x0800184c   0x00000028   Code   RO          814    i.EXTI0_IRQHandler  stm32f4xx_it.o
    0x08001874   0x08001874   0x0000004c   Code   RO         8036    i.Enviar_Mensaje    lcd_tft.o
    0x080018c0   0x080018c0   0x00000004   Code   RO           13    i.Error_Handler     main.o
    0x080018c4   0x080018c4   0x00000066   Code   RO         2459    i.FMC_SDRAM_Init    stm32f4xx_ll_fmc.o
    0x0800192a   0x0800192a   0x00000012   Code   RO         2460    i.FMC_SDRAM_ProgramRefreshRate  stm32f4xx_ll_fmc.o
    0x0800193c   0x0800193c   0x0000004e   Code   RO         2461    i.FMC_SDRAM_SendCommand  stm32f4xx_ll_fmc.o
    0x0800198a   0x0800198a   0x00000002   PAD
    0x0800198c   0x0800198c   0x000000a4   Code   RO         2463    i.FMC_SDRAM_Timing_Init  stm32f4xx_ll_fmc.o
    0x08001a30   0x08001a30   0x00000060   Code   RO         7319    i.FillBuffer        stm32f429i_discovery_lcd.o
    0x08001a90   0x08001a90   0x000000fc   Code   RO         8129    i.Gyro_init         gyro_fun.o
    0x08001b8c   0x08001b8c   0x00000022   Code   RO          960    i.HAL_CRC_Init      stm32f4xx_hal_crc.o
    0x08001bae   0x08001bae   0x00000002   PAD
    0x08001bb0   0x08001bb0   0x00000028   Code   RO          428    i.HAL_CRC_MspInit   crc.o
    0x08001bd8   0x08001bd8   0x00000002   Code   RO         2236    i.HAL_DMA2D_CLUTLoadingCpltCallback  stm32f4xx_hal_dma2d.o
    0x08001bda   0x08001bda   0x00000002   PAD
    0x08001bdc   0x08001bdc   0x000000a4   Code   RO         2244    i.HAL_DMA2D_ConfigLayer  stm32f4xx_hal_dma2d.o
    0x08001c80   0x08001c80   0x0000011e   Code   RO         2251    i.HAL_DMA2D_IRQHandler  stm32f4xx_hal_dma2d.o
    0x08001d9e   0x08001d9e   0x0000005a   Code   RO         2252    i.HAL_DMA2D_Init    stm32f4xx_hal_dma2d.o
    0x08001df8   0x08001df8   0x00000002   Code   RO         2253    i.HAL_DMA2D_LineEventCallback  stm32f4xx_hal_dma2d.o
    0x08001dfa   0x08001dfa   0x00000002   PAD
    0x08001dfc   0x08001dfc   0x0000003c   Code   RO          470    i.HAL_DMA2D_MspInit  dma2d.o
    0x08001e38   0x08001e38   0x00000110   Code   RO         2256    i.HAL_DMA2D_PollForTransfer  stm32f4xx_hal_dma2d.o
    0x08001f48   0x08001f48   0x00000034   Code   RO         2259    i.HAL_DMA2D_Start   stm32f4xx_hal_dma2d.o
    0x08001f7c   0x08001f7c   0x00000062   Code   RO         1532    i.HAL_DMA_DeInit    stm32f4xx_hal_dma.o
    0x08001fde   0x08001fde   0x00000002   PAD
    0x08001fe0   0x08001fe0   0x000000d4   Code   RO         1536    i.HAL_DMA_Init      stm32f4xx_hal_dma.o
    0x080020b4   0x080020b4   0x00000024   Code   RO         1967    i.HAL_Delay         stm32f4xx_hal.o
    0x080020d8   0x080020d8   0x000000dc   Code   RO          511    i.HAL_FMC_MspInit   fmc.o
    0x080021b4   0x080021b4   0x0000018c   Code   RO         1420    i.HAL_GPIO_DeInit   stm32f4xx_hal_gpio.o
    0x08002340   0x08002340   0x00000002   Code   RO         1421    i.HAL_GPIO_EXTI_Callback  stm32f4xx_hal_gpio.o
    0x08002342   0x08002342   0x00000002   PAD
    0x08002344   0x08002344   0x00000018   Code   RO         1422    i.HAL_GPIO_EXTI_IRQHandler  stm32f4xx_hal_gpio.o
    0x0800235c   0x0800235c   0x00000234   Code   RO         1423    i.HAL_GPIO_Init     stm32f4xx_hal_gpio.o
    0x08002590   0x08002590   0x0000000a   Code   RO         1427    i.HAL_GPIO_WritePin  stm32f4xx_hal_gpio.o
    0x0800259a   0x0800259a   0x00000002   PAD
    0x0800259c   0x0800259c   0x0000000c   Code   RO         1975    i.HAL_GetTick       stm32f4xx_hal.o
    0x080025a8   0x080025a8   0x00000042   Code   RO         3222    i.HAL_I2CEx_ConfigAnalogFilter  stm32f4xx_hal_i2c_ex.o
    0x080025ea   0x080025ea   0x0000003e   Code   RO         3223    i.HAL_I2CEx_ConfigDigitalFilter  stm32f4xx_hal_i2c_ex.o
    0x08002628   0x08002628   0x00000032   Code   RO         2792    i.HAL_I2C_DeInit    stm32f4xx_hal_i2c.o
    0x0800265a   0x0800265a   0x00000006   Code   RO         2800    i.HAL_I2C_GetState  stm32f4xx_hal_i2c.o
    0x08002660   0x08002660   0x00000188   Code   RO         2801    i.HAL_I2C_Init      stm32f4xx_hal_i2c.o
    0x080027e8   0x080027e8   0x000001f8   Code   RO         2819    i.HAL_I2C_Mem_Read  stm32f4xx_hal_i2c.o
    0x080029e0   0x080029e0   0x00000130   Code   RO         2822    i.HAL_I2C_Mem_Write  stm32f4xx_hal_i2c.o
    0x08002b10   0x08002b10   0x0000003c   Code   RO          559    i.HAL_I2C_MspDeInit  i2c.o
    0x08002b4c   0x08002b4c   0x00000090   Code   RO          560    i.HAL_I2C_MspInit   i2c.o
    0x08002bdc   0x08002bdc   0x00000010   Code   RO         1981    i.HAL_IncTick       stm32f4xx_hal.o
    0x08002bec   0x08002bec   0x00000034   Code   RO         1982    i.HAL_Init          stm32f4xx_hal.o
    0x08002c20   0x08002c20   0x00000098   Code   RO          917    i.HAL_InitTick      stm32f4xx_hal_timebase_tim.o
    0x08002cb8   0x08002cb8   0x00000052   Code   RO         3255    i.HAL_LTDC_ConfigLayer  stm32f4xx_hal_ltdc.o
    0x08002d0a   0x08002d0a   0x00000002   PAD
    0x08002d0c   0x08002d0c   0x00000030   Code   RO         3267    i.HAL_LTDC_EnableDither  stm32f4xx_hal_ltdc.o
    0x08002d3c   0x08002d3c   0x00000002   Code   RO         3268    i.HAL_LTDC_ErrorCallback  stm32f4xx_hal_ltdc.o
    0x08002d3e   0x08002d3e   0x000000ca   Code   RO         3271    i.HAL_LTDC_IRQHandler  stm32f4xx_hal_ltdc.o
    0x08002e08   0x08002e08   0x000000f4   Code   RO         3272    i.HAL_LTDC_Init     stm32f4xx_hal_ltdc.o
    0x08002efc   0x08002efc   0x00000002   Code   RO         3273    i.HAL_LTDC_LineEventCallback  stm32f4xx_hal_ltdc.o
    0x08002efe   0x08002efe   0x00000002   PAD
    0x08002f00   0x08002f00   0x000001ac   Code   RO          602    i.HAL_LTDC_MspInit  ltdc.o
    0x080030ac   0x080030ac   0x00000002   Code   RO         3278    i.HAL_LTDC_ReloadEventCallback  stm32f4xx_hal_ltdc.o
    0x080030ae   0x080030ae   0x00000002   PAD
    0x080030b0   0x080030b0   0x00000038   Code   RO          893    i.HAL_MspInit       stm32f4xx_hal_msp.o
    0x080030e8   0x080030e8   0x0000001a   Code   RO         1830    i.HAL_NVIC_EnableIRQ  stm32f4xx_hal_cortex.o
    0x08003102   0x08003102   0x00000002   PAD
    0x08003104   0x08003104   0x00000040   Code   RO         1836    i.HAL_NVIC_SetPriority  stm32f4xx_hal_cortex.o
    0x08003144   0x08003144   0x00000024   Code   RO         1837    i.HAL_NVIC_SetPriorityGrouping  stm32f4xx_hal_cortex.o
    0x08003168   0x08003168   0x00000254   Code   RO         1124    i.HAL_RCCEx_PeriphCLKConfig  stm32f4xx_hal_rcc_ex.o
    0x080033bc   0x080033bc   0x00000134   Code   RO         1017    i.HAL_RCC_ClockConfig  stm32f4xx_hal_rcc.o
    0x080034f0   0x080034f0   0x00000040   Code   RO         1021    i.HAL_RCC_GetClockConfig  stm32f4xx_hal_rcc.o
    0x08003530   0x08003530   0x00000020   Code   RO         1024    i.HAL_RCC_GetPCLK1Freq  stm32f4xx_hal_rcc.o
    0x08003550   0x08003550   0x00000020   Code   RO         1025    i.HAL_RCC_GetPCLK2Freq  stm32f4xx_hal_rcc.o
    0x08003570   0x08003570   0x00000060   Code   RO         1026    i.HAL_RCC_GetSysClockFreq  stm32f4xx_hal_rcc.o
    0x080035d0   0x080035d0   0x0000036c   Code   RO         1029    i.HAL_RCC_OscConfig  stm32f4xx_hal_rcc.o
    0x0800393c   0x0800393c   0x00000054   Code   RO         3557    i.HAL_RTC_GetTime   stm32f4xx_hal_rtc.o
    0x08003990   0x08003990   0x0000008c   Code   RO         3558    i.HAL_RTC_Init      stm32f4xx_hal_rtc.o
    0x08003a1c   0x08003a1c   0x0000003c   Code   RO          644    i.HAL_RTC_MspInit   rtc.o
    0x08003a58   0x08003a58   0x00000098   Code   RO         3564    i.HAL_RTC_SetDate   stm32f4xx_hal_rtc.o
    0x08003af0   0x08003af0   0x000000c0   Code   RO         3565    i.HAL_RTC_SetTime   stm32f4xx_hal_rtc.o
    0x08003bb0   0x08003bb0   0x00000036   Code   RO         3566    i.HAL_RTC_WaitForSynchro  stm32f4xx_hal_rtc.o
    0x08003be6   0x08003be6   0x00000042   Code   RO         2625    i.HAL_SDRAM_Init    stm32f4xx_hal_sdram.o
    0x08003c28   0x08003c28   0x00000004   Code   RO          513    i.HAL_SDRAM_MspInit  fmc.o
    0x08003c2c   0x08003c2c   0x0000002e   Code   RO         2628    i.HAL_SDRAM_ProgramRefreshRate  stm32f4xx_hal_sdram.o
    0x08003c5a   0x08003c5a   0x00000002   PAD
    0x08003c5c   0x08003c5c   0x0000003c   Code   RO         2634    i.HAL_SDRAM_SendCommand  stm32f4xx_hal_sdram.o
    0x08003c98   0x08003c98   0x0000002e   Code   RO         3952    i.HAL_SPI_DeInit    stm32f4xx_hal_spi.o
    0x08003cc6   0x08003cc6   0x00000006   Code   RO         3955    i.HAL_SPI_GetState  stm32f4xx_hal_spi.o
    0x08003ccc   0x08003ccc   0x000000bc   Code   RO         3957    i.HAL_SPI_Init      stm32f4xx_hal_spi.o
    0x08003d88   0x08003d88   0x0000002c   Code   RO          685    i.HAL_SPI_MspDeInit  spi.o
    0x08003db4   0x08003db4   0x00000068   Code   RO          686    i.HAL_SPI_MspInit   spi.o
    0x08003e1c   0x08003e1c   0x0000015a   Code   RO         3960    i.HAL_SPI_Receive   stm32f4xx_hal_spi.o
    0x08003f76   0x08003f76   0x00000166   Code   RO         3965    i.HAL_SPI_Transmit  stm32f4xx_hal_spi.o
    0x080040dc   0x080040dc   0x000001e2   Code   RO         3966    i.HAL_SPI_TransmitReceive  stm32f4xx_hal_spi.o
    0x080042be   0x080042be   0x00000002   Code   RO         4974    i.HAL_TIMEx_BreakCallback  stm32f4xx_hal_tim_ex.o
    0x080042c0   0x080042c0   0x00000002   Code   RO         4975    i.HAL_TIMEx_CommutCallback  stm32f4xx_hal_tim_ex.o
    0x080042c2   0x080042c2   0x00000002   PAD
    0x080042c4   0x080042c4   0x00000090   Code   RO         4993    i.HAL_TIMEx_MasterConfigSynchronization  stm32f4xx_hal_tim_ex.o
    0x08004354   0x08004354   0x0000005a   Code   RO         4270    i.HAL_TIM_Base_Init  stm32f4xx_hal_tim.o
    0x080043ae   0x080043ae   0x00000002   PAD
    0x080043b0   0x080043b0   0x00000028   Code   RO          728    i.HAL_TIM_Base_MspInit  tim.o
    0x080043d8   0x080043d8   0x00000080   Code   RO         4275    i.HAL_TIM_Base_Start_IT  stm32f4xx_hal_tim.o
    0x08004458   0x08004458   0x000000dc   Code   RO         4279    i.HAL_TIM_ConfigClockSource  stm32f4xx_hal_tim.o
    0x08004534   0x08004534   0x00000002   Code   RO         4304    i.HAL_TIM_IC_CaptureCallback  stm32f4xx_hal_tim.o
    0x08004536   0x08004536   0x00000166   Code   RO         4318    i.HAL_TIM_IRQHandler  stm32f4xx_hal_tim.o
    0x0800469c   0x0800469c   0x00000002   Code   RO         4321    i.HAL_TIM_OC_DelayElapsedCallback  stm32f4xx_hal_tim.o
    0x0800469e   0x0800469e   0x00000002   Code   RO         4348    i.HAL_TIM_PWM_PulseFinishedCallback  stm32f4xx_hal_tim.o
    0x080046a0   0x080046a0   0x00000014   Code   RO           14    i.HAL_TIM_PeriodElapsedCallback  main.o
    0x080046b4   0x080046b4   0x00000002   Code   RO         4361    i.HAL_TIM_TriggerCallback  stm32f4xx_hal_tim.o
    0x080046b6   0x080046b6   0x00000062   Code   RO         5270    i.HAL_UART_Init     stm32f4xx_hal_uart.o
    0x08004718   0x08004718   0x0000006c   Code   RO          770    i.HAL_UART_MspInit  usart.o
    0x08004784   0x08004784   0x00000002   Code   RO          815    i.HardFault_Handler  stm32f4xx_it.o
    0x08004786   0x08004786   0x0000002e   Code   RO         2843    i.I2C_IsAcknowledgeFailed  stm32f4xx_hal_i2c.o
    0x080047b4   0x080047b4   0x000000fc   Code   RO         2853    i.I2C_RequestMemoryRead  stm32f4xx_hal_i2c.o
    0x080048b0   0x080048b0   0x000000a8   Code   RO         2854    i.I2C_RequestMemoryWrite  stm32f4xx_hal_i2c.o
    0x08004958   0x08004958   0x0000004c   Code   RO         2858    i.I2C_WaitOnBTFFlagUntilTimeout  stm32f4xx_hal_i2c.o
    0x080049a4   0x080049a4   0x00000068   Code   RO         2859    i.I2C_WaitOnFlagUntilTimeout  stm32f4xx_hal_i2c.o
    0x08004a0c   0x08004a0c   0x00000096   Code   RO         2860    i.I2C_WaitOnMasterAddressFlagUntilTimeout  stm32f4xx_hal_i2c.o
    0x08004aa2   0x08004aa2   0x00000066   Code   RO         2861    i.I2C_WaitOnRXNEFlagUntilTimeout  stm32f4xx_hal_i2c.o
    0x08004b08   0x08004b08   0x0000004c   Code   RO         2862    i.I2C_WaitOnTXEFlagUntilTimeout  stm32f4xx_hal_i2c.o
    0x08004b54   0x08004b54   0x00000014   Code   RO         6991    i.I2Cx_Error        stm32f429i_discovery.o
    0x08004b68   0x08004b68   0x00000048   Code   RO         6992    i.I2Cx_Init         stm32f429i_discovery.o
    0x08004bb0   0x08004bb0   0x000000b8   Code   RO         6993    i.I2Cx_MspInit      stm32f429i_discovery.o
    0x08004c68   0x08004c68   0x00000004   Code   RO         6994    i.IOE_Delay         stm32f429i_discovery.o
    0x08004c6c   0x08004c6c   0x00000050   Code   RO         6995    i.IOE_ITConfig      stm32f429i_discovery.o
    0x08004cbc   0x08004cbc   0x00000004   Code   RO         6996    i.IOE_Init          stm32f429i_discovery.o
    0x08004cc0   0x08004cc0   0x00000034   Code   RO         6997    i.IOE_Read          stm32f429i_discovery.o
    0x08004cf4   0x08004cf4   0x00000030   Code   RO         6998    i.IOE_ReadMultiple  stm32f429i_discovery.o
    0x08004d24   0x08004d24   0x00000030   Code   RO         6999    i.IOE_Write         stm32f429i_discovery.o
    0x08004d54   0x08004d54   0x0000014c   Code   RO          338    i.Image_task        freertos.o
    0x08004ea0   0x08004ea0   0x00000004   Code   RO         7001    i.LCD_Delay         stm32f429i_discovery.o
    0x08004ea4   0x08004ea4   0x000000a8   Code   RO         7002    i.LCD_IO_Init       stm32f429i_discovery.o
    0x08004f4c   0x08004f4c   0x0000006c   Code   RO         7003    i.LCD_IO_ReadData   stm32f429i_discovery.o
    0x08004fb8   0x08004fb8   0x00000038   Code   RO         7004    i.LCD_IO_WriteData  stm32f429i_discovery.o
    0x08004ff0   0x08004ff0   0x00000038   Code   RO         7005    i.LCD_IO_WriteReg   stm32f429i_discovery.o
    0x08005028   0x08005028   0x0000000c   Code   RO          816    i.LTDC_IRQHandler   stm32f4xx_it.o
    0x08005034   0x08005034   0x00000162   Code   RO         3291    i.LTDC_SetConfig    stm32f4xx_hal_ltdc.o
    0x08005196   0x08005196   0x00000002   PAD
    0x08005198   0x08005198   0x00000408   Code   RO          339    i.Logic_task        freertos.o
    0x080055a0   0x080055a0   0x00000024   Code   RO          429    i.MX_CRC_Init       crc.o
    0x080055c4   0x080055c4   0x00000040   Code   RO          471    i.MX_DMA2D_Init     dma2d.o
    0x08005604   0x08005604   0x00000068   Code   RO          514    i.MX_FMC_Init       fmc.o
    0x0800566c   0x0800566c   0x000000b4   Code   RO          340    i.MX_FREERTOS_Init  freertos.o
    0x08005720   0x08005720   0x000001c8   Code   RO          313    i.MX_GPIO_Init      gpio.o
    0x080058e8   0x080058e8   0x0000005c   Code   RO          561    i.MX_I2C3_Init      i2c.o
    0x08005944   0x08005944   0x000000b0   Code   RO          603    i.MX_LTDC_Init      ltdc.o
    0x080059f4   0x080059f4   0x00000084   Code   RO          645    i.MX_RTC_Init       rtc.o
    0x08005a78   0x08005a78   0x00000048   Code   RO          687    i.MX_SPI5_Init      spi.o
    0x08005ac0   0x08005ac0   0x00000068   Code   RO          729    i.MX_TIM1_Init      tim.o
    0x08005b28   0x08005b28   0x00000038   Code   RO          771    i.MX_USART1_UART_Init  usart.o
    0x08005b60   0x08005b60   0x000004ca   Code   RO         8165    i.Map_draw          screen_fun.o
    0x0800602a   0x0800602a   0x00000002   Code   RO          817    i.MemManage_Handler  stm32f4xx_it.o
    0x0800602c   0x0800602c   0x00000002   Code   RO          818    i.NMI_Handler       stm32f4xx_it.o
    0x0800602e   0x0800602e   0x00000012   Code   RO         3567    i.RTC_Bcd2ToByte    stm32f4xx_hal_rtc.o
    0x08006040   0x08006040   0x00000018   Code   RO         3568    i.RTC_ByteToBcd2    stm32f4xx_hal_rtc.o
    0x08006058   0x08006058   0x00000048   Code   RO         3569    i.RTC_EnterInitMode  stm32f4xx_hal_rtc.o
    0x080060a0   0x080060a0   0x0000002a   Code   RO         3570    i.RTC_ExitInitMode  stm32f4xx_hal_rtc.o
    0x080060ca   0x080060ca   0x0000005c   Code   RO         3994    i.SPI_EndRxTransaction  stm32f4xx_hal_spi.o
    0x08006126   0x08006126   0x00000002   PAD
    0x08006128   0x08006128   0x00000058   Code   RO         3995    i.SPI_EndRxTxTransaction  stm32f4xx_hal_spi.o
    0x08006180   0x08006180   0x000000b8   Code   RO         4000    i.SPI_WaitFlagStateUntilTimeout  stm32f4xx_hal_spi.o
    0x08006238   0x08006238   0x00000014   Code   RO         7006    i.SPIx_Error        stm32f429i_discovery.o
    0x0800624c   0x0800624c   0x0000009c   Code   RO         7007    i.SPIx_Init         stm32f429i_discovery.o
    0x080062e8   0x080062e8   0x00000024   Code   RO         7008    i.SPIx_Write        stm32f429i_discovery.o
    0x0800630c   0x0800630c   0x0000002c   Code   RO         6902    i.SysTick_Handler   port.o
    0x08006338   0x08006338   0x0000009c   Code   RO           15    i.SystemClock_Config  main.o
    0x080063d4   0x080063d4   0x00000010   Code   RO         5599    i.SystemInit        system_stm32f4xx.o
    0x080063e4   0x080063e4   0x0000000c   Code   RO          819    i.TIM6_DAC_IRQHandler  stm32f4xx_it.o
    0x080063f0   0x080063f0   0x000000c8   Code   RO         4363    i.TIM_Base_SetConfig  stm32f4xx_hal_tim.o
    0x080064b8   0x080064b8   0x00000014   Code   RO         4374    i.TIM_ETR_SetConfig  stm32f4xx_hal_tim.o
    0x080064cc   0x080064cc   0x00000010   Code   RO         4375    i.TIM_ITRx_SetConfig  stm32f4xx_hal_tim.o
    0x080064dc   0x080064dc   0x00000022   Code   RO         4381    i.TIM_TI1_ConfigInputStage  stm32f4xx_hal_tim.o
    0x080064fe   0x080064fe   0x00000024   Code   RO         4383    i.TIM_TI2_ConfigInputStage  stm32f4xx_hal_tim.o
    0x08006522   0x08006522   0x00000002   PAD
    0x08006524   0x08006524   0x0000010c   Code   RO         5296    i.UART_SetConfig    stm32f4xx_hal_uart.o
    0x08006630   0x08006630   0x00000002   Code   RO          820    i.UsageFault_Handler  stm32f4xx_it.o
    0x08006632   0x08006632   0x00000020   Code   RO         1843    i.__NVIC_SetPriority  stm32f4xx_hal_cortex.o
    0x08006652   0x08006652   0x00000002   Code   RO         8083    i._sys_exit         redirect.o
    0x08006654   0x08006654   0x00000006   Code   RO         8084    i.fputc             redirect.o
    0x0800665a   0x0800665a   0x00000006   Code   RO         7965    i.ili9341_DisplayOff  ili9341.o
    0x08006660   0x08006660   0x00000006   Code   RO         7966    i.ili9341_DisplayOn  ili9341.o
    0x08006666   0x08006666   0x00000006   Code   RO         7967    i.ili9341_GetLcdPixelHeight  ili9341.o
    0x0800666c   0x0800666c   0x00000004   Code   RO         7968    i.ili9341_GetLcdPixelWidth  ili9341.o
    0x08006670   0x08006670   0x00000292   Code   RO         7969    i.ili9341_Init      ili9341.o
    0x08006902   0x08006902   0x00000012   Code   RO         7971    i.ili9341_ReadID    ili9341.o
    0x08006914   0x08006914   0x000000c8   Code   RO           16    i.main              main.o
    0x080069dc   0x080069dc   0x0000000c   Code   RO         6467    i.makeFreeRtosPriority  cmsis_os.o
    0x080069e8   0x080069e8   0x0000000e   Code   RO         6469    i.osDelay           cmsis_os.o
    0x080069f6   0x080069f6   0x0000000a   Code   RO         6472    i.osKernelStart     cmsis_os.o
    0x08006a00   0x08006a00   0x00000026   Code   RO         6481    i.osMessageCreate   cmsis_os.o
    0x08006a26   0x08006a26   0x00000054   Code   RO         6506    i.osThreadCreate    cmsis_os.o
    0x08006a7a   0x08006a7a   0x00000002   PAD
    0x08006a7c   0x08006a7c   0x00000070   Code   RO         6125    i.prvAddCurrentTaskToDelayedList  tasks.o
    0x08006aec   0x08006aec   0x000000d0   Code   RO         6126    i.prvAddNewTaskToReadyList  tasks.o
    0x08006bbc   0x08006bbc   0x00000026   Code   RO         5777    i.prvCopyDataFromQueue  queue.o
    0x08006be2   0x08006be2   0x0000006c   Code   RO         5778    i.prvCopyDataToQueue  queue.o
    0x08006c4e   0x08006c4e   0x00000034   Code   RO         6127    i.prvDeleteTCB      tasks.o
    0x08006c82   0x08006c82   0x00000002   PAD
    0x08006c84   0x08006c84   0x0000004c   Code   RO         6834    i.prvHeapInit       heap_4.o
    0x08006cd0   0x08006cd0   0x00000064   Code   RO         6128    i.prvIdleTask       tasks.o
    0x08006d34   0x08006d34   0x00000016   Code   RO         5780    i.prvInitialiseNewQueue  queue.o
    0x08006d4a   0x08006d4a   0x00000002   PAD
    0x08006d4c   0x08006d4c   0x000000b2   Code   RO         6129    i.prvInitialiseNewTask  tasks.o
    0x08006dfe   0x08006dfe   0x00000002   PAD
    0x08006e00   0x08006e00   0x0000004c   Code   RO         6835    i.prvInsertBlockIntoFreeList  heap_4.o
    0x08006e4c   0x08006e4c   0x0000001c   Code   RO         5781    i.prvIsQueueEmpty   queue.o
    0x08006e68   0x08006e68   0x00000020   Code   RO         6130    i.prvResetNextTaskUnblockTime  tasks.o
    0x08006e88   0x08006e88   0x00000028   Code   RO         6903    i.prvTaskExitError  port.o
    0x08006eb0   0x08006eb0   0x0000006a   Code   RO         5782    i.prvUnlockQueue    queue.o
    0x08006f1a   0x08006f1a   0x00000002   PAD
    0x08006f1c   0x08006f1c   0x000000e8   Code   RO         6836    i.pvPortMalloc      heap_4.o
    0x08007004   0x08007004   0x0000002c   Code   RO         6904    i.pxPortInitialiseStack  port.o
    0x08007030   0x08007030   0x0000000a   Code   RO         7754    i.stmpe811_ClearGlobalIT  stmpe811.o
    0x0800703a   0x0800703a   0x0000001c   Code   RO         7755    i.stmpe811_DisableGlobalIT  stmpe811.o
    0x08007056   0x08007056   0x0000001e   Code   RO         7756    i.stmpe811_DisableITSource  stmpe811.o
    0x08007074   0x08007074   0x0000001c   Code   RO         7757    i.stmpe811_EnableGlobalIT  stmpe811.o
    0x08007090   0x08007090   0x0000001e   Code   RO         7758    i.stmpe811_EnableITSource  stmpe811.o
    0x080070ae   0x080070ae   0x00000002   PAD
    0x080070b0   0x080070b0   0x0000001c   Code   RO         7759    i.stmpe811_GetInstance  stmpe811.o
    0x080070cc   0x080070cc   0x0000001e   Code   RO         7766    i.stmpe811_IO_EnableAF  stmpe811.o
    0x080070ea   0x080070ea   0x00000002   PAD
    0x080070ec   0x080070ec   0x00000030   Code   RO         7775    i.stmpe811_Init     stmpe811.o
    0x0800711c   0x0800711c   0x00000020   Code   RO         7777    i.stmpe811_ReadID   stmpe811.o
    0x0800713c   0x0800713c   0x00000028   Code   RO         7778    i.stmpe811_Reset    stmpe811.o
    0x08007164   0x08007164   0x00000006   Code   RO         7781    i.stmpe811_TS_ClearIT  stmpe811.o
    0x0800716a   0x0800716a   0x00000036   Code   RO         7782    i.stmpe811_TS_DetectTouch  stmpe811.o
    0x080071a0   0x080071a0   0x00000014   Code   RO         7783    i.stmpe811_TS_DisableIT  stmpe811.o
    0x080071b4   0x080071b4   0x0000001a   Code   RO         7784    i.stmpe811_TS_EnableIT  stmpe811.o
    0x080071ce   0x080071ce   0x0000004a   Code   RO         7785    i.stmpe811_TS_GetXY  stmpe811.o
    0x08007218   0x08007218   0x00000010   Code   RO         7786    i.stmpe811_TS_ITStatus  stmpe811.o
    0x08007228   0x08007228   0x000000a2   Code   RO         7787    i.stmpe811_TS_Start  stmpe811.o
    0x080072ca   0x080072ca   0x00000026   Code   RO         5737    i.uxListRemove      list.o
    0x080072f0   0x080072f0   0x00000014   Code   RO          341    i.vApplicationGetIdleTaskMemory  freertos.o
    0x08007304   0x08007304   0x00000002   Code   RO          342    i.vApplicationIdleHook  freertos.o
    0x08007306   0x08007306   0x00000002   Code   RO          343    i.vApplicationMallocFailedHook  freertos.o
    0x08007308   0x08007308   0x00000002   Code   RO          344    i.vApplicationStackOverflowHook  freertos.o
    0x0800730a   0x0800730a   0x00000016   Code   RO         5738    i.vListInitialise   list.o
    0x08007320   0x08007320   0x00000006   Code   RO         5739    i.vListInitialiseItem  list.o
    0x08007326   0x08007326   0x00000030   Code   RO         5740    i.vListInsert       list.o
    0x08007356   0x08007356   0x00000018   Code   RO         5741    i.vListInsertEnd    list.o
    0x0800736e   0x0800736e   0x00000002   PAD
    0x08007370   0x08007370   0x00000040   Code   RO         6906    i.vPortEnterCritical  port.o
    0x080073b0   0x080073b0   0x00000028   Code   RO         6907    i.vPortExitCritical  port.o
    0x080073d8   0x080073d8   0x00000064   Code   RO         6837    i.vPortFree         heap_4.o
    0x0800743c   0x0800743c   0x00000024   Code   RO         6908    i.vPortSetupTimerInterrupt  port.o
    0x08007460   0x08007460   0x0000004c   Code   RO         6139    i.vTaskDelay        tasks.o
    0x080074ac   0x080074ac   0x00000010   Code   RO         6142    i.vTaskInternalSetTimeOutState  tasks.o
    0x080074bc   0x080074bc   0x0000000c   Code   RO         6143    i.vTaskMissedYield  tasks.o
    0x080074c8   0x080074c8   0x00000030   Code   RO         6145    i.vTaskPlaceOnEventList  tasks.o
    0x080074f8   0x080074f8   0x0000006c   Code   RO         6153    i.vTaskStartScheduler  tasks.o
    0x08007564   0x08007564   0x00000010   Code   RO         6155    i.vTaskSuspendAll   tasks.o
    0x08007574   0x08007574   0x00000088   Code   RO         6156    i.vTaskSwitchContext  tasks.o
    0x080075fc   0x080075fc   0x000000f4   Code   RO         6910    i.xPortStartScheduler  port.o
    0x080076f0   0x080076f0   0x00000042   Code   RO         5793    i.xQueueGenericCreate  queue.o
    0x08007732   0x08007732   0x00000066   Code   RO         5794    i.xQueueGenericCreateStatic  queue.o
    0x08007798   0x08007798   0x00000088   Code   RO         5795    i.xQueueGenericReset  queue.o
    0x08007820   0x08007820   0x00000160   Code   RO         5796    i.xQueueGenericSend  queue.o
    0x08007980   0x08007980   0x00000138   Code   RO         5804    i.xQueueReceive     queue.o
    0x08007ab8   0x08007ab8   0x00000074   Code   RO         6159    i.xTaskCheckForTimeOut  tasks.o
    0x08007b2c   0x08007b2c   0x0000005a   Code   RO         6160    i.xTaskCreate       tasks.o
    0x08007b86   0x08007b86   0x00000056   Code   RO         6161    i.xTaskCreateStatic  tasks.o
    0x08007bdc   0x08007bdc   0x0000001c   Code   RO         6167    i.xTaskGetSchedulerState  tasks.o
    0x08007bf8   0x08007bf8   0x000000cc   Code   RO         6170    i.xTaskIncrementTick  tasks.o
    0x08007cc4   0x08007cc4   0x00000098   Code   RO         6173    i.xTaskPriorityDisinherit  tasks.o
    0x08007d5c   0x08007d5c   0x00000074   Code   RO         6175    i.xTaskRemoveFromEventList  tasks.o
    0x08007dd0   0x08007dd0   0x000000c4   Code   RO         6176    i.xTaskResumeAll    tasks.o
    0x08007e94   0x08007e94   0x0000000a   Code   RO         8364    x$fpl$fpinit        fz_wm.l(fpinit.o)
    0x08007e9e   0x08007e9e   0x00000002   PAD
    0x08007ea0   0x08007ea0   0x00000094   Data   RO          346    .constdata          freertos.o
    0x08007f34   0x08007f34   0x00000008   Data   RO         1542    .constdata          stm32f4xx_hal_dma.o
    0x08007f3c   0x08007f3c   0x00000010   Data   RO         5600    .constdata          system_stm32f4xx.o
    0x08007f4c   0x08007f4c   0x00000008   Data   RO         5601    .constdata          system_stm32f4xx.o
    0x08007f54   0x08007f54   0x00001ab8   Data   RO         7321    .constdata          stm32f429i_discovery_lcd.o
    0x08009a0c   0x08009a0c   0x000002f8   Data   RO         7325    .constdata          stm32f429i_discovery_lcd.o
    0x08009d04   0x08009d04   0x00000021   Data   RO          347    .conststring        freertos.o
    0x08009d25   0x08009d25   0x00000003   PAD
    0x08009d28   0x08009d28   0x00000020   Data   RO         8420    Region$$Table       anon$$obj.o


    Execution Region RW_IRAM2 (Exec base: 0x10000000, Load base: 0x08009db0, Size: 0x00000000, Max: 0x00010000, ABSOLUTE)

    **** No section assigned to this execution region ****


    Execution Region RW_IRAM1 (Exec base: 0x20000000, Load base: 0x08009d48, Size: 0x000090f0, Max: 0x00030000, ABSOLUTE, COMPRESSED[0x00000068])

    Exec Addr    Load Addr    Size         Type   Attr      Idx    E Section Name        Object

    0x20000000   COMPRESSED   0x00000001   Data   RW           18    .data               main.o
    0x20000001   COMPRESSED   0x00000003   PAD
    0x20000004   COMPRESSED   0x00000026   Data   RW          348    .data               freertos.o
    0x2000002a   COMPRESSED   0x00000002   PAD
    0x2000002c   COMPRESSED   0x00000008   Data   RW          430    .data               crc.o
    0x20000034   COMPRESSED   0x00000008   Data   RW          516    .data               fmc.o
    0x2000003c   COMPRESSED   0x0000000c   Data   RW         1989    .data               stm32f4xx_hal.o
    0x20000048   COMPRESSED   0x00000004   Data   RW         5602    .data               system_stm32f4xx.o
    0x2000004c   COMPRESSED   0x0000003c   Data   RW         6179    .data               tasks.o
    0x20000088   COMPRESSED   0x00000020   Data   RW         6843    .data               heap_4.o
    0x200000a8   COMPRESSED   0x0000000c   Data   RW         6911    .data               port.o
    0x200000b4   COMPRESSED   0x00000018   Data   RW         7012    .data               stm32f429i_discovery.o
    0x200000cc   COMPRESSED   0x00000018   Data   RW         7326    .data               stm32f429i_discovery_lcd.o
    0x200000e4   COMPRESSED   0x00000001   Data   RW         7634    .data               stm32f429i_discovery_sdram.o
    0x200000e5   COMPRESSED   0x00000003   PAD
    0x200000e8   COMPRESSED   0x00000010   Data   RW         7709    .data               stm32f429i_discovery_ts.o
    0x200000f8   COMPRESSED   0x00000028   Data   RW         7788    .data               stmpe811.o
    0x20000120   COMPRESSED   0x00000002   Data   RW         7790    .data               stmpe811.o
    0x20000122   COMPRESSED   0x00000002   PAD
    0x20000124   COMPRESSED   0x00000038   Data   RW         7974    .data               ili9341.o
    0x2000015c   COMPRESSED   0x00000002   Data   RW         8038    .data               lcd_tft.o
    0x2000015e   COMPRESSED   0x00000002   PAD
    0x20000160   COMPRESSED   0x00000004   Data   RW         8085    .data               redirect.o
    0x20000164        -       0x00000014   Zero   RW           17    .bss                main.o
    0x20000178        -       0x00000258   Zero   RW          345    .bss                freertos.o
    0x200003d0        -       0x00000040   Zero   RW          472    .bss                dma2d.o
    0x20000410        -       0x00000034   Zero   RW          515    .bss                fmc.o
    0x20000444        -       0x00000054   Zero   RW          562    .bss                i2c.o
    0x20000498        -       0x000000a8   Zero   RW          604    .bss                ltdc.o
    0x20000540        -       0x00000020   Zero   RW          646    .bss                rtc.o
    0x20000560        -       0x00000058   Zero   RW          688    .bss                spi.o
    0x200005b8        -       0x00000048   Zero   RW          730    .bss                tim.o
    0x20000600        -       0x00000044   Zero   RW          772    .bss                usart.o
    0x20000644        -       0x00000048   Zero   RW          920    .bss                stm32f4xx_hal_timebase_tim.o
    0x2000068c        -       0x000000f0   Zero   RW         6178    .bss                tasks.o
    0x2000077c        -       0x00008000   Zero   RW         6842    .bss                heap_4.o
    0x2000877c        -       0x000000ac   Zero   RW         7010    .bss                stm32f429i_discovery.o
    0x20008828        -       0x00000130   Zero   RW         7320    .bss                stm32f429i_discovery_lcd.o
    0x20008958        -       0x00000120   Zero   RW         7633    .bss                stm32f429i_discovery_sdram.o
    0x20008a78        -       0x00000014   Zero   RW         8037    .bss                lcd_tft.o
    0x20008a8c        -       0x00000060   Zero   RW         8296    .bss                c_w.l(libspace.o)
    0x20008aec   COMPRESSED   0x00000004   PAD
    0x20008af0        -       0x00000200   Zero   RW            2    HEAP                startup_stm32f429xx.o
    0x20008cf0        -       0x00000400   Zero   RW            1    STACK               startup_stm32f429xx.o


==============================================================================

Image component sizes


      Code (inc. data)   RO Data    RW Data    ZI Data      Debug   Object Name

       158          0          0          0          0      23795   cmsis_os.o
        76         18          0          8          0       1499   crc.o
       124         18          0          0         64       1593   dma2d.o
         0          0          0          0          0      19796   event_groups.o
       328         40          0          8         52       2196   fmc.o
      2238        184        181         38        600       8843   freertos.o
       456         24          0          0          0       1219   gpio.o
       252         10          0          0          0        588   gyro_fun.o
       484         26          0         32      32768       7407   heap_4.o
       296         48          0          0         84       2297   i2c.o
       698          0          0         56          0       9427   ili9341.o
        76          8          0          2         20       1482   lcd_tft.o
       138          0          0          0          0       3510   list.o
       604         42          0          0        168       2114   ltdc.o
       380         48          0          1         20     844601   main.o
       702         72          0         12          0      10924   port.o
      1270         14          0          0          0      14831   queue.o
         8          0          0          4          0       2990   redirect.o
       192         16          0          0         32       1675   rtc.o
      1316          0          0          0          0       1822   screen_fun.o
       220         36          0          0         88       2169   spi.o
        64         26        428          0       1536        836   startup_stm32f429xx.o
      1116        156          0         24        172      14811   stm32f429i_discovery.o
         0          0          0          0          0        808   stm32f429i_discovery_io.o
      2412        212       7600         24        304      27750   stm32f429i_discovery_lcd.o
       612         54          0          1        288       4235   stm32f429i_discovery_sdram.o
        56          8          0         16          0       3192   stm32f429i_discovery_ts.o
       116         18          0         12          0       8822   stm32f4xx_hal.o
       158         14          0          0          0      33126   stm32f4xx_hal_cortex.o
        34          0          0          0          0       1035   stm32f4xx_hal_crc.o
       434         12          8          0          0       3608   stm32f4xx_hal_dma.o
      1018          6          0          0          0       7132   stm32f4xx_hal_dma2d.o
       996        108          0          0          0       4314   stm32f4xx_hal_gpio.o
      2230         52          0          0          0      14134   stm32f4xx_hal_i2c.o
       128          0          0          0          0       1839   stm32f4xx_hal_i2c_ex.o
       936         12          0          0          0       6106   stm32f4xx_hal_ltdc.o
        56          4          0          0          0        854   stm32f4xx_hal_msp.o
      1408         82          0          0          0       5857   stm32f4xx_hal_rcc.o
       596         36          0          0          0       1600   stm32f4xx_hal_rcc_ex.o
       778         22          0          0          0       7309   stm32f4xx_hal_rtc.o
       172          0          0          0          0       2820   stm32f4xx_hal_sdram.o
      1790         12          0          0          0       9690   stm32f4xx_hal_spi.o
      1110         72          0          0          0      10089   stm32f4xx_hal_tim.o
       148         28          0          0          0       2433   stm32f4xx_hal_tim_ex.o
       152         20          0          0         72       1463   stm32f4xx_hal_timebase_tim.o
       366         10          0          0          0       2012   stm32f4xx_hal_uart.o
        88         28          0          0          0       4623   stm32f4xx_it.o
       362         10          0          0          0       4864   stm32f4xx_ll_fmc.o
       662         10          0         42          0      15915   stmpe811.o
         0          0          0          0          0        392   stream_buffer.o
        16          4         24          4          0       1111   system_stm32f4xx.o
      2082        150          0         60        240      25114   tasks.o
       144         20          0          0         72       1630   tim.o
       164         22          0          0         68       1694   usart.o

    ----------------------------------------------------------------------
     30480       1812       8276        356      36648    1195996   Object Totals
         0          0         32          0          0          0   (incl. Generated)
        60          0          3         12          0          0   (incl. Padding)

    ----------------------------------------------------------------------

      Code (inc. data)   RO Data    RW Data    ZI Data      Debug   Library Member Name

        90          0          0          0          0          0   __dczerorl2.o
         8          0          0          0          0         68   __main.o
       104          0          0          0          0         84   __printf.o
         0          0          0          0          0          0   __rtentry.o
        12          0          0          0          0          0   __rtentry2.o
         6          0          0          0          0          0   __rtentry4.o
        52          8          0          0          0          0   __scatter.o
        28          0          0          0          0          0   __scatter_zi.o
        48          6          0          0          0         96   _printf_char_common.o
        36          4          0          0          0         80   _printf_char_file.o
         6          0          0          0          0          0   _printf_d.o
       120         16          0          0          0         92   _printf_dec.o
       178          0          0          0          0         88   _printf_intcommon.o
         0          0          0          0          0          0   _printf_percent.o
         4          0          0          0          0          0   _printf_percent_end.o
        16          0          0          0          0         68   aeabi_memset.o
        18          0          0          0          0         80   exit.o
         8          0          0          0          0         68   ferror.o
         6          0          0          0          0        152   heapauxi.o
         2          0          0          0          0          0   libinit.o
         6          0          0          0          0          0   libinit2.o
         2          0          0          0          0          0   libshutdown.o
         2          0          0          0          0          0   libshutdown2.o
         8          4          0          0         96         68   libspace.o
       238          0          0          0          0        100   lludivv7m.o
        24          4          0          0          0         84   noretval__2printf.o
        68          0          0          0          0         68   rt_memclr.o
        78          0          0          0          0         80   rt_memclr_w.o
       138          0          0          0          0         68   rt_memcpy_v6.o
       100          0          0          0          0         80   rt_memcpy_w.o
         2          0          0          0          0          0   rtexit.o
        10          0          0          0          0          0   rtexit2.o
        74          0          0          0          0         80   sys_stackheap_outer.o
         2          0          0          0          0         68   use_no_semi.o
        10          0          0          0          0        116   fpinit.o

    ----------------------------------------------------------------------
      1508         42          0          0        100       1688   Library Totals
         4          0          0          0          4          0   (incl. Padding)

    ----------------------------------------------------------------------

      Code (inc. data)   RO Data    RW Data    ZI Data      Debug   Library Name

      1494         42          0          0         96       1572   c_w.l
        10          0          0          0          0        116   fz_wm.l

    ----------------------------------------------------------------------
      1508         42          0          0        100       1688   Library Totals

    ----------------------------------------------------------------------

==============================================================================


      Code (inc. data)   RO Data    RW Data    ZI Data      Debug   

     31988       1854       8276        356      36748    1170504   Grand Totals
     31988       1854       8276        104      36748    1170504   ELF Image Totals (compressed)
     31988       1854       8276        104          0          0   ROM Totals

==============================================================================

    Total RO  Size (Code + RO Data)                40264 (  39.32kB)
    Total RW  Size (RW Data + ZI Data)             37104 (  36.23kB)
    Total ROM Size (Code + RO Data + RW Data)      40368 (  39.42kB)

==============================================================================

